[    0.000000] Initializing cgroup subsys cpuset
[    0.000000] Initializing cgroup subsys cpu
[    0.000000] Initializing cgroup subsys cpuacct
[    0.000000] Linux version 4.4.0-159-generic (buildd@lgw01-amd64-042) (gcc version 5.4.0 20160609 (Ubuntu 5.4.0-6ubuntu1~16.04.10) ) #187-Ubuntu SMP Thu Aug 1 16:28:06 UTC 2019 (Ubuntu 4.4.0-159.187-generic 4.4.185)
[    0.000000] Command line: BOOT_IMAGE=/boot/vmlinuz-4.4.0-159-generic root=LABEL=cloudimg-rootfs ro console=tty1 console=ttyS0
[    0.000000] KERNEL supported cpus:
[    0.000000]   Intel GenuineIntel
[    0.000000]   AMD AuthenticAMD
[    0.000000]   Centaur CentaurHauls
[    0.000000] x86/fpu: Legacy x87 FPU detected.
[    0.000000] e820: BIOS-provided physical RAM map:
[    0.000000] BIOS-e820: [mem 0x0000000000000000-0x000000000009fbff] usable
[    0.000000] BIOS-e820: [mem 0x00000000009fc00-0x000000000009ffff] reserved
[    0.000000] BIOS-e820: [mem 0x00000000000f0000-0x00000000000fffff] reserved
[    0.000000] BIOS-e820: [mem 0x0000000000100000-0x000000003ffeffff] usable
[    0.00000] BIOS-e820: [mem 0x000000003fff0000-0x000000003fffffff] ACPI data
[    0.000000] BIOS-e820: [mem 0x00000000fec00000-0x00000000fec00fff] reserved
[    0.000000] BIOS-e820: [mem 0x00000000fee00000-0x00000000fee00fff] reserved
[    0.000000] BIOS-e820: [mem 0x00000000fffc0000-0x00000000ffffffff] reserved
[    0.000000] NX (Execute Disable) protection: active
[    0.000000] SMBIOS 2.5 present.
[    0.000000] Hypervisor detected: KVM
[    0.000000] e820: last_pfn = 0x3fff0 max_arch_pfn = 0x400000000
[    0.000000] MTRR: Disabled
[    0.000000] x86/PAT: MTRRs disabled, skipping PAT initialization too.
[    0.000000] CPU MTRRs all blank - virtualized system.
[    0.000000] x86/PAT: Configuration [0-7]: WB  WT  UC- UC  WB  WT  UC- UC  
[    0.000000] found SMP MP-table at [mem 0x0009fff0-0x0009ffff] mapped at [ffff88000009fff0]
[    0.000000] Scanning 1 areas for low memory corruption
[    0.000000] RAMDISK: [mem 0x362f8000-0x37173fff]
[    0.000000] ACPI: Early table checksum verification disabled
[    0.000000] ACPI: RSDP 0x00000000000E0000 000024 (v02 VBOX  )
[    0.000000] ACPI: XSDT 0x000000003FFF0030 00003C (v01 VBOX   VBOXXSDT 00000001 ASL  00000061)
[    0.000000] ACPI: FACP 0x000000003FFF00F0 0000F4 (v04 VBOX   VBOXFACP 00000001 ASL  00000061)
[    0.000000] ACPI: DSDT 0x000000003FFF0470 0021FF (v02 VBOX   VBOXBIOS 00000002 INTL 20180105)
[    0.000000] ACPI: FACS 0x000000003FFF0200 000040
[    0.000000] ACPI: FACS 0x000000003FFF0200 000040
[    0.000000] ACPI: APIC 0x000000003FFF0240 00005C (v02 VBOX   VBOXAPIC 00000001 ASL  00000061)
[    0.000000] ACPI: SSDT 0x000000003FFF02A0 0001CC (v01 VBOX   VBOXCPUT 00000002 INTL 20180105)
[    0.000000] No NUMA configuration found
[    0.000000] Faking a node at [mem 0x0000000000000000-0x000000003ffeffff]
[    0.000000] NODE_DATA(0) allocated [mem 0x3ffeb000-0x3ffeffff]
[    0.000000] kvm-clock: Using msrs 4b564d01 and 4b564d00
[    0.000000] kvm-clock: cpu 0, msr 0:3ffe3001, primary cpu clock
[    0.000000] kvm-clock: using sched offset of 4937380443 cycles
[    0.000000] clocksource: kvm-clock: mask: 0xffffffffffffffff max_cycles: 0x1cd42e4dffb, max_idle_ns: 881590591483 ns
[    0.000000] Zone ranges:
[    0.000000]   DMA      [mem 0x0000000000001000-0x0000000000ffffff]
[    0.000000]   DMA32    [mem 0x0000000001000000-0x000000003ffeffff]
[    0.000000]   Normal   empty
[    0.000000]   Device   empty
[    0.000000] Movable zone start for each node
[    0.000000] Early memory node ranges
[    0.000000]   node   0: [mem 0x0000000000001000-0x000000000009efff]
[    0.000000]   node   0: [mem 0x0000000000100000-0x000000003ffeffff]
[    0.000000] Initmem setup node 0 [mem 0x0000000000001000-0x000000003ffeffff]
[    0.000000] API: PMTimer IO Port: 0x4008
[    0.000000] IOAPIC[0]: apic_id 2, version 32, address 0xfec00000, GSI 0-23
[    0.000000] ACPI: INT_SRC_OVR (bus 0 bus_irq 0 global_irq 2 dfl dfl)
[    0.000000] ACPI: INT_SRC_OVR (bus 0 bus_irq 9 global_irq 9 low level)
[    0.000000] Using ACPI (MADT) for SMP configuration information
[    0.000000] smpboot: Allowing 2 CPUs, 0 hotplug CPUs
[    0.000000] PM: Registered nosave memory: [mem 0x00000000-0x00000fff]
[    0.000000] PM: Registered nosave memory: [mem 0x0009f000-0x0009ffff]
[    0.000000] PM: Registered nosave memory: [mem 0x000a0000-0x000effff]
[    0.000000] PM: Registered nosave memory: [mem 0x000f0000-0x000fffff]
[    0.000000] e820: [mem 0x40000000-0xfebfffff] available for PCI devices
[    0.000000] Booting paravirtualized kernel on KVM
[    0.000000] clocksource: refined-jiffies: mask: 0xffffffff max_cycles: 0xffffffff, max_idle_ns: 7645519600211568 ns
[    0.000000] setup_percpu: NR_CPUS:512 nr_cpumask_bits:512 nr_cpu_ids:2 nr_node_ids:1
[    0.000000] PERCPU: Embedded 34 pages/cpu @ffff88003fc00000 s99544 r8192 d31528 u1048576
[    0.000000] Built 1 zonelists in Node order, mobility grouping on.  Total pages: 257912
[    0.000000] Policy zone: DMA32
[    0.000000] Kernel command line: BOOT_IMAGE=/boot/vmlinuz-4.4.0-159-generic root=LABEL=cloudimg-rootfs ro console=tty1 console=ttyS0
[    0.000000] PID hash table entries: 4096 (order: 3, 32768 bytes)
[    0.000000] Memory: 997724K/1048120K available (8618K kernel code, 1335K rwdata, 4032K rodata, 1488K init, 1284K bss, 50396K reserved, 0K cma-reserved)
[    0.000000] SLUB: HWalign=64, Order=0-3, MinObjects=0, CPUs=2, Nodes=1
[    0.000000] Kernel/User page tables isolation: enabled
[    0.000000] Hierarchical RCU implementation.
[    0.000000] 	Build-time adjustment of leaf fanout to 64.
[    0.000000] 	RCU restricting CPUs from NR_CPUS=512 to nr_cpu_ids=2.
[    0.000000] RCU: Adjusting geometry for rcu_fanout_leaf=64, nr_cpu_ids=2
[    0.000000] NR_IRQS:33024 nr_irqs:440 16
[    0.000000] Console: colour VGA+ 80x25
[    0.000000] console [tty1] enabled
[    0.000000] console [ttyS0] enabled
[    0.000000] tsc: Detected 2992.498 MHz processor
[    2.091589] Calibrating delay loop (skipped) preset value.. 5984.99 BogoMIPS (lpj=11969992)
[    2.128114] pid_max: default: 32768 minimum: 301
[    2.129642] ACPI: Core revision 20150930
[    2.132298] ACPI: 2 ACPI AML tables successfully acquired and loaded
[    2.189851] Security Framework initialized
[    2.191273] Yama: becoming mindful.
[    2.192629] AppArmor: AppArmor initialized
[    2.202236] Dentry cache hash table entries: 131072 (order: 8, 1048576 bytes)
[    2.204833] Inode-cache hash table entries: 65536 (order: 7, 524288 bytes)
[    2.274807] Mount-cache hash table entries: 2048 (order: 2, 16384 bytes)
[    2.276766] Mountpoint-cache hash table entries: 2048 (order: 2, 16384 bytes)
[    2.348277] Initializing cgroup subsys io
[    2.414331] Initializing cgroup subsys memory
[    2.476769] Initializing cgroup subsys devices
[    2.542744] Initializing cgroup subsys freezer
[    2.544231] Initializing cgroup subsys net_cls
[    2.545738] Initializing cgroup subsys perf_event
[    2.606934] Initializing cgroup subsys net_prio
[    2.608434] Initializing cgroup subsys hugetlb
[    2.617925] Initializing cgroup subsys pids
[    2.677967] mce: CPU supports 0 MCE banks
[    2.737877] Last level iTLB entries: 4KB 128, 2MB 4, 4MB 4
[    2.786762] Last level dTLB entries: 4KB 256, 2MB 0, 4MB 32, 1GB 0
[    2.806463] Spectre V1 : Mitigation: usercopy/swapgs barriers and __user pointer sanitization
[    2.891501] Spectre V2 : Mitigation: Full generic retpoline
[    2.893221] Spectre V2 : Spectre v2 / SpectreRSB mitigation: Filling RSB on context switch
[    3.082775] Speculative Store Bypass: Vulnerable
[    3.085091] MDS: Vulnerable: Clear CPU buffers attempted, no microcode
[    3.117827] Freeing SMP alternatives memory: 36K
[    3.126909] ftrace: allocating 32318 entries in 127 pages
[    3.196642] smpboot: APIC(0) Converting physical 0 to logical package 0
[    3.330030] smpboot: Max logical packages: 1
[    3.430605] x2apic enabled
[    3.432244] Switched APIC routing to physical x2apic.
[    3.436279] ..TIMER: vector=0x30 apic1=0 pin1=2 apic2=-1 pin2=-1
[    3.545599] smpboot: CPU0: Intel(R) Core(TM)2 Duo CPU     E8400  @ 3.00GHz (family: 0x6, model: 0x17, stepping: 0xa)
[    3.691536] Performance Events: unsupported p6 CPU model 23 no PMU driver, software events only.
[    3.813339] KVM setup paravirtual spinlock
[    3.909554] x86: Booting SMP configuration:
[    3.985952] .... node  #0, CPUs:      #1
[    3.987353] kvm-clock: cpu 1, msr 0:3ffe3041, secondary cpu clock
[    4.016449] mce: CPU supports 0 MCE banks
[    4.019677] x86: Booted up 1 node, 2 CPUs
[    4.022677] smpboot: Total of 2 processors activated (11969.99 BogoMIPS)
[    4.025290] devtmpfs: initialized
[    4.034326] evm: security.selinux
[    4.035577] evm: security.SMACK64
[    4.036830] evm: security.SMACK64EXEC
[    4.038178] evm: security.SMACK64TRANSMUTE
[    4.039594] evm: security.SMACK64MMAP
[    4.040904] evm: security.ima
[    4.042070] evm: security.capability
[    4.043580] clocksource: jiffies: mask: 0xffffffff max_cycles: 0xffffffff, max_idle_ns: 7645041785100000 ns
[    4.046739] futex hash table entries: 512 (order: 3, 32768 bytes)
[    4.048753] pinctrl core: initialized pinctrl subsystem
[    4.050584] RTC time: 15:43:17, date: 08/23/19
[    4.052485] NET: Registered protocol family 16
[    4.061621] cpuidle: using governor ladder
[    4.071305] cpuidle: using governor menu
[    4.072804] PCCT header not found.
[    4.074108] ACPI: bus type PCI registered
[    4.113345] acpiphp: ACPI Hot Plug PCI Controller Driver version: 0.5
[    4.115404] PCI: Using configuration type 1 for base access
[    4.129865] ACPI: Added _OSI(Module Device)
[    4.131296] ACPI: Added _OSI(Processor Device)
[    4.132769] ACPI: Added _OSI(3.0 _SCP Extensions)
[    4.134324] ACPI: Added _OSI(Processor Aggregator Device)
[    4.221065] ACPI: Executed 1 blocks of module-level executable AML code
[    4.225664] ACPI: Interpreter enabled
[    4.259505] ACPI: (supports S0 S5)
[    4.293216] ACPI: Using IOAPIC for interrupt routing
[    4.320222] PCI: Using host bridge windows from ACPI; if necessary, use "pci=nocrs" and report a bug
[    4.327742] ACPI: PCI Root Bridge [PCI0] (domain 0000 [bus 00-ff])
[    4.329596] acpi PNP0A03:00: _OSC: OS supports [ASPM ClockPM Segments MSI]
[    4.331634] acpi PNP0A03:00: _OSC: not requesting OS control; OS requires [ExtendedConfig ASPM ClockPM MSI]
[    4.334730] acpi PNP0A03:00: fail to add MMCONFIG information, can't access extended PCI configuration space under this bridge.
[    4.431223] PCI host bridge to bus 0000:00
[    4.432637] pci_bus 0000:00: root bus resource [io  0x0000-0x0cf7 window]
[    4.434637] pci_bus 0000:00: root bus resource [io  0x0d00-0xffff window]
[    4.436640] pci_bus 0000:00: root bus resource [mem 0x000a0000-0x000bffff window]
[    4.439244] pci_bus 0000:00: root bus resource [mem 0x40000000-0xfdffffff window]
[    4.441826] pci_bus 0000:00: root bus resource [bus 00-ff]
[    4.452273] pci 0000:00:01.1: legacy IDE quirk: reg 0x10: [io  0x01f0-0x01f7]
[    4.555391] pci 0000:00:01.1: legacy IDE quirk: reg 0x14: [io  0x03f6]
[    4.611466] pci 0000:00:01.1: legacy IDE quirk: reg 0x18: [io  0x0170-0x0177]
[    4.613511] pci 0000:00:01.1: legacy IDE quirk: reg 0x1c: [io  0x0376]
[    4.638717] pci 0000:00:07.0: quirk: [io  0x4000-0x403f] claimed by PIIX4 ACPI
[    4.646712] pci 0000:00:07.0: quirk: [io  0x4100-0x410f] claimed by PIIX4 SMB
[    4.656669] ACPI: PCI Interrupt Link [LNKA] (IRQs 5 9 10 *11)
[    4.660520] ACPI: PCI Interrupt Link [LNKB] (IRQs 5 9 *10 11)
[    4.662954] ACPI: PCI Interrupt Link [LNKC] (IRQs 5 *9 10 11)
[    4.687509] ACPI: PCI Interrupt Link [LNKD] (IRQs 5 9 10 *11)
[    4.690034] ACPI: Enabled 2 GPEs in block 00 to 07
[    4.692694] vgaarb: setting as boot device: PCI:0000:00:02.0
[    4.694441] vgaarb: device added: PCI:0000:00:02.0,decodes=io+mem,owns=io+mem,locks=none
[    4.697239] vgaarb: loaded
[    4.698371] vgaarb: bridge control possible 0000:00:02.0
[    4.700696] SCSI subsystem initialized
[    4.702497] ACPI: bus type USB registered
[    4.705042] usbcore: registered new interface driver usbfs
[    4.711948] usbcore: registered new interface driver hub
[    4.713644] usbcore: registered new device driver usb
[    4.715668] PCI: Using ACPI for IRQ routing
[    4.726154] NetLabel: Initializing
[    4.744589] NetLabel:  domain hash size = 128
[    4.746069] NetLabel:  protocols = UNLABELED CIPSOv4
[    4.775369] NetLabel:  unlabeled traffic allowed by default
[    4.791842] amd_nb: Cannot enumerate AMD northbridges
[    4.794776] clocksource: Switched to clocksource kvm-clock
[    4.810928] AppArmor: AppArmor Filesystem Enabled
[    4.986916] pnp: PnP ACPI init
   5.178] pnp: PnP ACPI: found 3 devices

[    5.273091] clocksource: acpi_pm: mask: 0xffffff max_cycles: 0xffffff, max_idle_ns: 2085701024 ns
[    5.276260] NET: Registered protocol family 2
[    5.278279] TCP established hash table entries: 8192 (order: 4, 65536 bytes)
[    5.280523] TCP bind hash table entries: 8192 (order: 5, 131072 bytes)
[    5.282594] TCP: Hash tables configured (established 8192 bind 8192)
[    5.284639] UDP hash table entries: 512 (order: 2, 16384 bytes)
[    5.286570] UDP-Lite hash table entries: 512 (order: 2, 16384 bytes)
[    5.288645] NET: Registered protocol family 1
[    5.290219] pci 0000:00:00.0: Limiting direct PCI/PCI transfers
[    5.292125] pci 0000:00:01.0: Activating ISA DMA hang workarounds
[    5.294313] Unpacking initramfs...
[  5.551298] Freeing initrd memory: 14832K
[    5.611268] clocksource: tsc: mask: 0xffffffffffffffff max_cycles: 0x2b2296bc2b9, max_idle_ns: 440795321505 ns
[    5.614433] platform rtc_cmos: registered platform RTC device (no PNP device found)
[    5.617148] Scanning for low memory corruption every 60 seconds

[    5.619912] audit: initializing netlink subsys (disabled)
[    5.621655] audit: type=2000 audit(1566575002.063:1): initialized
[    5.623921] Initialise system trusted keyring
[    5.625637] HugeTLB registered 2 MB page size, pre-allocated 0 pages
[    5.629421] zbud: loaded
[    5.684101] VFS: Disk quotas dquot_6.6.0
[    5.685527] VFS: Dquot-cache hash table entries: 512 (order 0, 4096 bytes)
[    5.857301] squashfs: version 4.0 (2009/01/31) Phillip Lougher
[    6.067306] fuse init (API version 7.23)
[    6.068909] Key type big_key registered
[    6.070296] Allocating IMA MOK and blacklist keyrings.
[    6.073175] Key type asymmetric registered
[    6.074606] Asymmetric key parser 'x509' registered
[    6.145095] Block layer SCSI generic (bsg) driver version 0.4 loaded (major 249)
[    6.151052] io scheduler noop registered
[    6.153160] io scheduler deadline registered (default)
[    6.155771] io scheduler cfq registered
[    6.158159] pci_hotplug: PCI Hot Plug PCI Core version: 0.5
[    6.161163] pciehp: PCI Express Hot Plug Controller Driver version: 0.4
[    6.164739] ACPI: AC Adapter [AC] (on-line)
[    6.167052] input: Power Button as /devices/LNXSYSTM:00/LNXPWRBN:00/input/input0
[    6.170938] ACPI: Power Button [PWRF]
[    6.172987] input: Sleep Button as /devices/LNXSYSTM:00/LNXSLPBN:00/input/input1
[    6.177269] ACPI: Sleep Button [SLPF]
[    6.180253] GHES: HEST is not enabled!
[    6.182381] Serial: 8250/16550 driver, 32 ports, IRQ sharing enabled
[    6.208404] 00:02: ttyS0 at I/O 0x3f8 (irq = 4, base_baud = 115200) is a 16550A
[    6.214075] Linux agpgart interface v0.103
[    6.224258] loop: module loaded
[    6.228307] scsi host0: ata_piix
[    6.231049] scsi host1: ata_piix
[    6.232944] ata1: PATA max UDMA/33 cmd 0x1f0 ctl 0x3f6 bmdma 0xd000 irq 14
[    6.236130] ata2: PATA max UDMA/33 cmd 0x170 ctl 0x376 bmdma 0xd008 irq 15
[    6.277424] libphy: Fixed MDIO Bus: probed
[    6.297462] tun: Universal TUN/TAP device driver, 1.6
[    6.317649] tun: (C) 1999-2004 Max Krasnyansky <maxk@qualcomm.com>
[    6.327957] PPP generic driver version 2.4.2
[    6.329634] ehci_hcd: USB 2.0 'Enhanced' Host Controller (EHCI) Driver
[    6.457293] ehci-pci: EHCI PCI platform driver
[    6.467588] ehci-platform: EHCI generic platform driver
[    6.469365] ohci_hcd: USB 1.1 'Open' Host Controller (OHCI) Driver
[    6.507211] ohci-pci: OHCI PCI platform driver
[    6.517224] ohci-platform: OHCI generic platform driver
[    6.537290] uhci_hcd: USB Universal Host Controller Interface driver
[    6.557186] i8042: PNP: PS/2 Controller [PNP0303:PS2K,PNP0f03:PS2M] at 0x60,0x64 irq 1,12
[    6.618997] serio: i8042 KBD port at 0x60,0x64 irq 1
[    6.620652] serio: i8042 AUX port at 0x60,0x64 irq 12
[    6.622518] mousedev: PS/2 mouse device common for all mice
[    6.625119] input: AT Translated Set 2 keyboard as /devices/platform/i8042/serio0/input/input2
[    6.638219] rtc_cmos rtc_cmos: rtc core: registered rtc_cmos as rtc0
[    6.657722] rtc_cmos rtc_cmos: alarms up to one day, 114 bytes nvram
[    6.697432] i2c /dev entries driver
[    6.698917] device-mapper: uevent: version 1.0.3
[    6.700615] device-mapper: ioctl: 4.34.0-ioctl (2015-10-28) initialised: dm-devel@redhat.com
[    6.707797] ledtrig-cpu: registered to indicate activity on CPUs
[    6.747994] NET: Registered protocol family 10
[    6.750118] NET: Registered protocol family 17
[    6.751787] Key type dns_resolver registered
[    6.753654] registered taskstats version 1
[    6.755174] Loading compiled-in X.509 certificates
[    6.808111] Loaded X.509 cert 'Build time autogenerated kernel key: d14182f9795b80ec340f636a5a08bf5817ccd8e7'
[    6.868020] zswap: loaded using pool lzo/zbud
[    6.920391] Key type trusted registered
[    6.949428] Key type encrypted registered
[    6.957389] AppArmor: AppArmor sha1 policy hashing enabled
[    6.977505] ima: No TPM chip found, activating TPM-bypass!
[    6.997026] ima: Allocated hash algorithm: sha1
[    7.017023] evm: HMAC attrs: 0x1
[    7.018971]   Magic number: 15:17:741
[    7.020402] workqueue writeback: hash matches
[    7.022019] rtc_cmos rtc_cmos: setting system clock to 2019-08-23 15:43:20 UTC (1566575000)
[    7.025266] BIOS EDD facility v0.16 2004-Jun-25, 0 devices found
[    7.027141] EDD information not available.
[    7.043015] Freeing unused kernel memory: 1488K
[    7.062829] Write protecting the kernel read-only data: 14336k
[    7.081616] Freeing unused kernel memory: 1608K
[    7.083542] Freeing unused kernel memory: 64K
Loading, please wait...
starting version 229
[    7.226914] random: systemd-udevd: uninitialized urandom read (16 bytes read, 2 bits of entropy available)
[    7.233934] random: systemd-udevd: uninitialized urandom read (16 bytes read, 2 bits of entropy available)
[    7.236735] random: udevadm: uninitialized urandom read (16 bytes read, 2 bits of entropy available)
[    7.236833] random: udevadm: uninitialized urandom read (16 bytes read, 2 bits of entropy available)
[    7.249228] random: systemd-udevd: uninitialized urandom read (16 bytes read, 2 bits of entropy available)
[    7.263655] random: systemd-udevd: uninitialized urandom read (16 bytes read, 2 bits of entropy available)
[    7.296704] random: systemd-udevd: uninitialized urandom read (16 bytes read, 2 bits of entropy available)
[    7.320677] random: systemd-udevd: uninitialized urandom read (16 bytes read, 2 bits of entropy available)
[    7.322757] random: udevadm: uninitialized urandom read (16 bytes read, 2 bits of entropy available)
[    7.323079] random: udevadm: uninitialized urandom read (16 bytes read, 2 bits of entropy available)
[    7.685533] Fusion MPT base driver 3.04.20
[    7.688206] Copyright (c) 1999-2008 LSI Corporation
[    7.715329] e1000: Intel(R) PRO/1000 Network Driver - version 7.3.21-k8-NAPI
[    7.719405] e1000: Copyright (c) 1999-2006 Intel Corporation.
[    7.742843] Fusion MPT SPI Host driver 3.04.20
[    7.948646] input: ImExPS/2 Generic Explorer Mouse as /devices/platform/i8042/serio1/input/input4
[    8.178745] e1000 0000:00:03.0 eth0: (PCI:33MHz:32-bit) 02:6a:5b:40:72:6f
[    8.188031] e1000 0000:00:03.0 eth0: Intel(R) PRO/1000 Network Connection
[    8.191095] mptbase: ioc0: Initiating bringup
[    8.196358] e1000 0000:00:03.0 enp0s3: renamed from eth0
[    8.255379] ioc0: LSI53C1030 A0: Capabilities={Initiator}
[    8.429010] scsi host2: ioc0: LSI53C1030 A0, FwRev=00000000h, Ports=1, MaxQ=256, IRQ=20
[    8.647738] scsi 2:0:0:0: Direct-Access     VBOX     HARDDISK         1.0  PQ: 0 ANSI: 5
[    8.655855] scsi target2:0:0: Beginning Domain Validation
[    8.658531] scsi target2:0:0: Domain Validation skipping write tests
[    8.660469] scsi target2:0:0: Ending Domain Validation
[    8.662159] scsi target2:0:0: asynchronous
[    8.664122] scsi 2:0:1:0: Direct-Access     VBOX     HARDDISK         1.0  PQ: 0 ANSI: 5
[    8.666844] scsi target2:0:1: Beginning Domain Validation
[    8.669710] scsi target2:0:1: Domain Validation skipping write tests
[    8.671596] scsi target2:0:1: Ending Domain Validation
[    8.673285] scsi target2:0:1: asynchronous
[    8.680502] sd 2:0:0:0: Attached scsi generic sg0 type 0
[    8.683878] sd 2:0:1:0: Attached scsi generic sg1 type 0
[    8.685428] sd 2:0:0:0: [sda] 20971520 512-byte logical blocks: (10.7 GB/10.0 GiB)
[    8.690014] sd 2:0:1:0: [sdb] 20480 512-byte logical blocks: (10.5 MB/10.0 MiB)
[    8.690016] sd 2:0:0:0: [sda] Write Protect is off
[    8.695266] sd 2:0:0:0: [sda] Incomplete mode parameter data
[    8.695344] sd 2:0:1:0: [sdb] Write Protect is off
[    8.695459] sd 2:0:1:0: [sdb] Incomplete mode parameter data
[    8.695461] sd 2:0:1:0: [sdb] Assuming drive cache: write through
[    8.721203] sd 2:0:1:0: [sdb] Attached SCSI disk
[    8.817031] sd 2:0:0:0: [sda] Assuming drive cache: write through
[    8.848014]  sda: sda1
[    8.850525] sd 2:0:0:0: [sda] Attached SCSI disk
Begin: Loading essential drivers ... [   11.486318] md: linear personality registered for level -1
[   11.512546] md: multipath personality registered for level -4
[   11.540166] md: raid0 personality registered for level 0
[   11.572194] md: raid1 personality registered for level 1
[   11.695971] raid6: sse2x1   gen()  5446 MB/s
[   11.785945] raid6: sse2x1   xor()  4639 MB/s
[   11.855949] raid6: sse2x2   gen()  4892 MB/s
[   11.946113] raid6: sse2x2   xor()  5431 MB/s
[   12.105949] raid6: sse2x4   gen() 10093 MB/s
[   12.195974] raid6: sse2x4   xor()  6967 MB/s
[   12.207294] raid6: using algorithm sse2x4 gen() 10093 MB/s
[   12.209086] raid6: .... xor() 6967 MB/s, rmw enabled
[   12.210767] raid6: using ssse3x2 recovery algorithm
[   12.223685] xor: measuring software checksum speed
[   12.266795]    prefetch64-sse: 12105.000 MB/sec
[   12.310791]    generic_sse: 10125.000 MB/sec
[   12.312313] xor: using function: prefetch64-sse (12105.000 MB/sec)
[   12.319278] async_tx: api initialized (async)
[   12.367023] md: raid6 personality registered for level 6
[   12.380670] md: raid5 personality registered for level 5
[   12.383845] md: raid4 personality registered for level 4
[   12.442973] md: raid10 personality registered for level 10
done.
Begin: Running /scripts/init-premount ... done.
Begin: Mounting root file system ... Begin: Running /scripts/local-top ... done.
Begin: Running /scripts/local-premount ... [   12.607617] Btrfs loaded
Scanning for Btrfs filesystems
done.
Warning: fsck not present, so skipping root file system
[   12.852483] EXT4-fs (sda1): mounted filesystem with ordered data mode. Opts: (null)
done.
Begin: Running /scripts/local-bottom ... done.
Begin: Running /scripts/init-bottom ... done.
[   13.664721] systemd[1]: systemd 229 running in system mode. (+PAM +AUDIT +SELINUX +IMA +APPARMOR +SMACK +SYSVINIT +UTMP +LIBCRYPTSETUP +GCRYPT +GNUTLS +ACL +XZ -LZ4 +SECCOMP +BLKID +ELFUTILS +KMOD -IDN)
[   13.717406] systemd[1]: Detected virtualization oracle.
[   13.719111] systemd[1]: Detected architecture x86-64.

Welcome to [1mUbuntu 16.04.6 LTS[0m!

[   13.747285] systemd[1]: Set hostname to <ubuntu>.
[   13.763047] systemd[1]: Initializing machine ID from random generator.
[   13.765115] systemd[1]: Installed transient /etc/machine-id file.
[   13.976054] random: nonblocking pool is initialized
[   14.832434] systemd[1]: Reached target Encrypted Volumes.
[[0;32m  OK  [0m] Reached target Encrypted Volumes.
[   14.881681] systemd[1]: Listening on Journal Audit Socket.
[[0;32m  OK  [0m] Listening on Journal Audit Socket.
[   14.991673] systemd[1]: Created slice User and Session Slice.
[[0;32m  OK  [0m] Created slice User and Session Slice.
[   14.995611] systemd[1]: Started Trigger resolvconf update for networkd DNS.
[[0;32m  OK  [0m] Started Trigger resolvconf update for networkd DNS.
[   14.999783] systemd[1]: Listening on Syslog Socket.
[[0;32m  OK  [0m] Listening on Syslog Socket.
[   15.056378] systemd[1]: Listening on Journal Socket.
[[0;32m  OK  [0m] Listening on Journal Socket.
[   15.064619] systemd[1]: Reached target System Time Synchronized.
[[0;32m  OK  [0m] Reached target System Time Synchronized.
[   15.075094] systemd[1]: Reached target User and Group Name Lookups.
[[0;32m  OK  [0m] Reached target User and Group Name Lookups.
[   15.079003] systemd[1]: Listening on udev Kernel Socket.
[[0;32m  OK  [0m] Listening on udev Kernel Socket.
[   15.086879] systemd[1]: Listening on udev Control Socket.
[[0;32m  OK  [0m] Listening on udev Control Socket.
[   15.095205] systemd[1]: Listening on Journal Socket (/dev/log).
[[0;32m  OK  [0m] Listening on Journal Socket (/dev/log).
[   15.099165] systemd[1]: Listening on /dev/initctl Compatibility Named Pipe.
[[0;32m  OK  [0m] Listening on /dev/initctl Compatibility Named Pipe.
[   15.103917] systemd[1]: Set up automount Arbitrary Executable File Formats File System Automount Point.
[[0;32m  OK  [0m] Set up automount Arbitrary Executab...ats File System Automount Point.
[   15.109319] systemd[1]: Reached target Swap.
[[0;32m  OK  [0m] Reached target Swap.
[   15.112691] systemd[1]: Started Forward Password Requests to Wall Directory Watch.
[[0;32m  OK  [0m] Started Forward Password Requests to Wall Directory Watch.
[   15.117697] systemd[1]: Listening on LVM2 poll daemon socket.
[[0;32m  OK  [0m] Listening on LVM2 poll daemon socket.
[   15.122418] systemd[1]: Created slice System Slice.
[[0;32m  OK  [0m] Created slice System Slice.
[   15.192028] systemd[1]: Starting Uncomplicated firewall...
         Starting Uncomplicated firewall...
[   15.248998] systemd[1]: Mounting POSIX Message Queue File System...
         Mounting POSIX Message Queue File System...
[   15.296361] systemd[1]: Starting Journal Service...
         Starting Journal Service...
[   15.351910] systemd[1]: Starting Set console keymap...
         Starting Set console keymap...
[   15.364480] systemd[1]: Starting Remount Root and Kernel File Systems...
         Starting Remount Root and Kernel File Systems...
[   15.380757] systemd[1]: Mounting Debug File System...
         Mounting Debug File System...
[   15.409956] systemd[1]: Created slice system-serial\x2dgetty.slice.
[[0;32m  OK  [0m] Created slice system-serial\x2dgetty.slice.
[   15.425780] EXT4-fs (sda1): re-mounted. Opts: (null)
[   15.440964] systemd[1]: Starting Create list of required static device nodes for the current kernel...
         Starting Create list of required st... nodes for the current kernel...
[   15.519326] systemd[1]: Mounting Huge Pages File System...
         Mounting Huge Pages File System...
[   15.629177] systemd[1]: Starting Nameserver information manager...
         Starting Nameserver information manager...
[   15.686921] systemd[1]: Starting Load Kernel Modules...
         Starting Load Kernel Modules...
[   15.723243] systemd[1]: Reached target Slices.
[[0;32m  OK  [0m] Reached target Slices.
[   15.739092] systemd[1]: Listening on LVM2 metadata daemon socket.
[[0;32m  OK  [0m] Listening on LVM2 metadata daemon socket.
[   15.748608] systemd[1]: Listening on Device-mapper event daemon FIFOs.
[[0;32m  OK  [0m] Listening on Device-mapper event daemon FIFO[   15.761373] Loading iSCSI transport class v2.0-870.
s.
[   15.804187] systemd[1]: Starting Monitoring of LVM2 mirrors, snapshots etc. using dmeventd or progress polling...
[   15.810249] iscsi: registered transport (tcp)
         Starting Monitoring of LVM2 mirrors... dmeventd or progress polling...
[   15.862355] systemd[1]: Mounted Huge Pages File System.
[[0;32m  OK  [0m] Mounted Huge Pages File System.
[   15.892175] systemd[1]: Mounted POSIX Message Queue File System.
[[0;32m  OK  [0m] Mounted POSIX Message Queue File System.
[   15.931465] systemd[1]: Mounted Debug File System.
[[0;32m  OK  [0m] Mounted Debug File System.
[   15.951458] systemd[1]: Started Journal Service.
[[0;32m  OK  [0m] Started Journal Service.
[[0;32m  OK  [0m] Started Unco[   15.978602] iscsi: registered transport (iser)
mplicated firewall.
[[0;32m  OK  [0m] Started Set console keymap.
[[0;32m  OK  [0m] Started Remount Root and Kernel File Systems.
[[0;32m  OK  [0m] Started Create list of required sta...ce nodes for the current kernel.
[[0;32m  OK  [0m] Started Load Kernel Modules.
[[0;32m  OK  [0m] Started Nameserver information manager.
[[0;32m  OK  [0m] Started LVM2 metadata daemon.
         Starting Apply Kernel Variables...
         Mounting FUSE Control File System...
         Starting Create Static Device Nodes in /dev...
         Starting Load/Save Random Seed...
         Starting udev Coldplug all Devices...
         Starting Flush Journal to Persistent Storage...
[[0;32m  OK  [0m] Mounted FUSE Control File System.
[[0;32m  OK  [0m] Started Apply Kernel Variables.
[[0;32m  OK  [0m] Started Load/Save Random Seed.
[[0;32m  OK  [0m] Started Create Static Device Nodes in /dev.
[[0;32m  OK  [0m] Started Monitoring of LVM2 mirrors,...ng dmeventd or progress polling.
[[0;32m  OK  [0m] Started Flush Journal to Persistent Storage.
         Starting udev Kernel Device Manager...
[[0;32m  OK  [0m] Reached target Local File Systems (Pre).
[[0;32m  OK  [0m] Reached target Local File Systems.
         Starting Set console font and keymap...
         Starting LSB: AppArmor initialization...
         Starting Create Volatile Files and Directories...
         Starting Tell Plymouth To Write Out Runtime Data...
         Starting Initial cloud-init job (pre-networking)...
         Starting Commit a transient machine-id on disk...
[[0;32m  OK  [0m] Started udev Kernel Device Manager.
[[0;32m  OK  [0m] Started udev Coldplug all Devices.
[[0;32m  OK  [0m] Started Tell Plymouth To Write Out Runtime Data.
[[0;32m  OK  [0m] Started Commit a transient machine-id on disk.
[[0;32m  OK  [0m] Started Create Volatile Files and Directories.
         Starting Update UTMP about System Boot/Shutdown...
[[0;32m  OK  [0m] Started Dispatch Password Requests to Console Directory Watch.
[[0;32m  OK  [0m] Started Update UTMP about System Boot/Shutdown.
[[0;32m  OK  [0m] Found device /dev/ttyS0.
[[0;32m  OK  [0m] Listening on Load/Save RF Kill Switch Status /dev/rfkill Watch.
[[0;32m  OK  [0m] Started LSB: AppArmor initialization.
[[0;32m  OK  [0m] Started Set console font and keymap.
[[0;32m  OK  [0m] Created slice system-getty.slice.
[   21.256294] cloud-init[477]: Cloud-init v. 19.1-1-gbaa47854-0ubuntu1~16.04.1 running 'init-local' at Fri, 23 Aug 2019 15:43:36 +0000. Up 19.06 seconds.
[[0;32m  OK  [0m] Started Initial cloud-init job (pre-networking).
[[0;32m  OK  [0m] Reached target Network (Pre).
         Starting Raise network interfaces...
[[0;32m  OK  [0m] Started Raise network interfaces.
[[0;32m  OK  [0m] Reached target Network.
         Starting Initial cloud-init job (metadata service crawler)...
[   30.774455] cloud-init[938]: Cloud-init v. 19.1-1-gbaa47854-0ubuntu1~16.04.1 running 'init' at Fri, 23 Aug 2019 15:43:43 +0000. Up 26.05 seconds.
[   31.033192] cloud-init[938]: ci-info: ++++++++++++++++++++++++++++++++++++++Net device info++++++++++++++++++++++++++++++++++++++
[   31.128566] cloud-init[938]: ci-info: +--------+------+----------------------------+---------------+--------+-------------------+
[   31.160768] cloud-init[938]: ci-info: | Device |  Up  |          Address           |      Mask     | Scope  |     Hw-Address    |
[   31.189215] cloud-init[938]: ci-info: +--------+------+----------------------------+---------------+--------+-------------------+
[   31.216962] cloud-init[938]: ci-info: | enp0s3 | True |         10.0.2.15          | 255.255.255.0 | global | 02:6a:5b:40:72:6f |[[0;32m  OK  [0m] Started Initial cloud-init job (metadata service crawler).

[   31.247079] cloud-init[938]: ci-info: | enp0s3 | True | fe80::6a:5bff:fe40:726f/64 |       .       |  link  | 02:6a:5b:40:72:6f |
[   31.270535] cloud-init[938]: ci-info: |   lo   | True |         127.0.0.1          |   255.0.0.0   |  host  |         .         |
[   31.304909] cloud-init[938]: ci-info: |   lo   | True |          ::1/128           |       .       |  host  |         .         |
[   31.341409] cloud-init[938]: ci-info: +--------+------+----------------------------+---------------+--------+-------------------+
[   31.379893] cloud-init[938]: ci-info: +++++++++++++++++++++++++++Route IPv4 info++++++++++++++++++++++++++++
[   31.401940] cloud-init[938]: ci-info: +-------+-------------+----------+---------------+-----------+-------+
[   31.435061] cloud-init[938]: ci-info: | Route | Destination | Gateway  |    Genmask    | Interface | Flags |
[   31.448384] cloud-init[938]: ci-info: +-------+-------------+----------+---------------+-----------+-------+
[   31.466852] cloud-init[938]: ci-info: |   0   |   0.0.0.0   | 10.0.2.2 |    0.0.0.0    |   enp0s3  |   UG  |
[   31.480285] cloud-init[938]: ci-info: |   1   |   10.0.2.0  | 0.0.0.0  | 255.255.255.0 |   enp0s3  |   U   |
[   31.495705] cloud-init[938]: ci-info: +-------+-------------+----------+---------------+-----------+-------+
[   31.515419] cloud-init[938]: ci-info: +++++++++++++++++++Route IPv6 info+++++++++++++++++++
[   31.515884] cloud-init[938]: ci-info: +-------+-------------+---------+-----------+-------+
[   31.517023] cloud-init[938]: ci-info: | Route | Destination | Gateway | Interface | Flags |
[   31.517458] cloud-init[938]: ci-info: +-------+-------------+---------+-----------+-------+
[   31.517902] cloud-init[938]: ci-info: |   0   |  fe80::/64  |    ::   |   enp0s3  |   U   |
[   31.518372] cloud-init[938]: ci-info: |   4   |   ff00::/8  |    ::   |   enp0s3  |   U   |
[   31.518805] cloud-init[938]: ci-info: +-------+-------------+---------+-----------+-------+
[   31.519508] cloud-init[938]: Generating public/private rsa key pair.
[   31.519947] cloud-init[938]: Your identification has been saved in /etc/ssh/ssh_host_rsa_key.
[   31.520293] cloud-init[938]: Your public key has been saved in /etc/ssh/ssh_host_rsa_key.pub.
[   31.520641] cloud-init[938]: The key fingerprint is:
[   31.521092] cloud-init[938]: SHA256:7vXY34S/7kga4Nv2qVQ6CoWN3JObB4HexLtvnQ8h3t4 root@ubuntu-xenial
[   31.521567] cloud-init[938]: The key's randomart image is:
[   31.521941] cloud-init[938]: +---[RSA 2048]----+
[   31.522333] cloud-init[938]: |                 |
[   31.522930] cloud-init[938]: |        o        |
[   31.525915] cloud-init[938]: |       . +       |
[   31.528303] cloud-init[938]: |      o B +      |
[   31.530945] cloud-init[938]: |       =S@ . o   |
[   31.542721] cloud-init[938]: |       .o O = .. |
[   31.545194] cloud-init[938]: |       ..=.B.+o .|
[   31.546368] cloud-init[938]: |       ...B**o=+ |
[   31.554253] cloud-init[938]: |        .o+==*=E+|
[   31.555680] cloud-init[938]: +----[SHA256]-----+
[   31.559647] cloud-init[938]: Generating public/private dsa key pair.
[   31.570358] cloud-init[938]: Your identification has been saved in /etc/ssh/ssh_host_dsa_key.
[[0;32m  OK  [0m] Reached target System Initialization.
[   31.573627] cloud-init[938]: Your public key has been saved in /etc/ssh/ssh_host_dsa_key.pub.
[   31.977320] cloud-init[938]: The key fingerprint is:
[   31.980068] cloud-init[938]: SHA256:PECTky9hEMX8VU6v4FXZEKZNRSAWsPp2OsROWg3oNOw root@ubuntu-xenial
[   32.092686] cloud-init[938]: The key's randomart image is:
[   32.119295] cloud-init[938]: +---[DSA 1024]----+
[   32.123446] cloud-init[938]: |    o*+o  .o*.BOo|
[   32.153618] cloud-init[938]: |     .O.  .= O. .|
[   32.157136] cloud-init[938]: |     ..* oo + o  |
[   32.196393] cloud-init[938]: |      .oBo.o .   |
[   32.202265] cloud-init[938]: |       =So.o.    |
[   32.204438] cloud-init[938]: |        Eo= .    |
[   32.268587] cloud-init[938]: |         *o .    |
[   32.309188] cloud-init[938]: |        ..oo     |
[   32.310869] cloud-init[938]: |          ..     |
[   32.312540] cloud-init[938]: +----[SHA256]-----+
[   32.314130] cloud-init[938]: Generating public/private ecdsa key pair.
[[0;32m  OK  [0m] Started ACPI Events Check.
[[0;32m  OK  [0m] Reached target Paths.
[[0;32m  OK  [0m] Started Daily Cleanup of Temporary Directories.
[[0;32m  OK  [0m] Listening on ACPID Listen Socket.
[[0;32m  OK  [0m] Started Daily apt download activities.
[[0;32m  OK  [0m] Started Daily apt upgrade and clean activities.
[[0;32m  OK  [0m] Listening on D-Bus System Message Bus Socket.
[   32.322264] cloud-init[938]: Your identification has been saved in /etc/ssh/ssh_host_ecdsa_key.
[   32.755161] cloud-init[938]: Your public key has been saved in /etc/ssh/ssh_host_ecdsa_key.pub.
[   32.758638] cloud-init[938]: The key fingerprint is:
[   32.760347] cloud-init[938]: SHA256:a0unOsAPOWwQbfZg/kz0OZB16nJ3mtRpGTRTkf6Qo+E root@ubuntu-xenial
[   32.765400] cloud-init[938]: The key's randomart image is:
[   32.796631] cloud-init[938]: +---[ECDSA 256]---+
[   32.813131] cloud-init[938]: |   .   o. . +.oo |
[   32.814931] cloud-init[938]: |  . * +  o . o.  |
         Starting LXD - unix socket.
[[0;32m  OK  [0m] Reached target Timers.
[[0;32m  OK  [0m] Listening on UUID daemon activation socket.
         Starting Socket activation for snappy daemon.
[[0;32m  OK  [0m] Reached target Network is Online.
[   32.885987] cloud-init[938]: |   * + o..  .. . |
[   33.009134] cloud-init[938]: |  . . o.+  ..+=  |
[   33.018307] cloud-init[938]: |   + =. S.o.*o + |
[   33.022399] cloud-init[938]: |    O oo + =E   .|
[   33.029197] cloud-init[938]: |   . =  + +      |
[   33.038440] cloud-init[938]: |      oo +       |
[   33.046239] cloud-init[938]: |      .oo        |
         Starting iSCSI initiator daemon (iscsid)...
[[   33.058333] cloud-init[938]: +----[SHA256]-----+
[   33.068254] cloud-init[938]: Generating public/private ed25519 key pair.
[   33.074927] cloud-init[938]: Your identification has been saved in /etc/ssh/ssh_host_ed25519_key.
[   33.075180] cloud-init[938]: Your public key has been saved in /etc/ssh/ssh_host_ed25519_key.pub.
[0;32m  OK  [0m] Reached target Cloud-config availability.
[   33.083933] cloud-init[938]: The key fingerprint is:
[[0;32m  OK  [0m] Listening on LXD - unix socket.
[[0;32m  OK  [0m] Listening on Socket activation for snappy daemon.
[   33.181832] cloud-init[938]: SHA256:uG2RLyS6rDrT+9zINgCu8VlZr3loxVwZMhKzLYAOrMc root@ubuntu-xenial
[   33.208572] cloud-init[938]: The key's randomart image is:
[   33.215183] cloud-init[938]: +--[ED25519 256]--+
[   33.221012] cloud-init[938]: |.  .. o.         |
[   33.227103] cloud-init[938]: |...  ..+o .      |
[   33.243971] cloud-init[938]: |.+    o..o o     |
[[0;32m  OK  [0m] Reached target Sockets.
[   33.245971] [cloud-init[0;32m  OK  [0m] Reached target Basic System.
[938]: |o E   .o .o      |
[   33.290473] cloud-init[938]: |.o   oo+S.       |
[   33.342927] cloud-init[938]: |... o. ==o       |
[   33.343568] cloud-init[938]: |.+ +. .=+ .      |
[   33.344260] cloud-init[938]: |+ ++o+=...       |
[   33.349033] cloud-init[938]: |.+o=Bo..         |
[   33.368405] cloud-init[938]: +----[SHA256]-----+
[[0;32m  OK  [0m] Started ACPI event daemon.
         Starting Snappy daemon...
         Starting Pollinate to seed the pseudo random number generator...
         Starting Virtualbox guest utils...
         Starting LSB: Record successful boot for GRUB...
[[0;32m  OK  [0m] Started Regular background program processing daemon.
         Starting /etc/rc.local Compatibility...
         Starting System Logging Service...
         Starting LSB: MD monitoring daemon...
[[0;32m  OK  [0m] Started Deferred execution scheduler.
[[0;32m  OK  [0m] Started D-Bus System Message Bus.
[[0;32m  OK  [0m] Started FUSE filesystem for LXC.
         Starting Accounts Service...
         Starting Login Service...
         Starting LXD - container startup/shutdown...
[[0;32m  OK  [0m] Started System Logging Service.
[[0;32m  OK  [0m] Started /etc/rc.local Compatibility.
[[0;32m  OK  [0m] Started iSCSI initiator daemon (iscsid).
         Starting Login to default iSCSI targets...
[[0;32m  OK  [0m] Started Login Service.
[[0;32m  OK  [0m] Started Unattended Upgrades Shutdown.
[[0;32m  OK  [0m] Started LSB: Record successful boot for GRUB.
         Starting Authenticate and Authorize Users to Run Privileged Tasks...
[[0;32m  OK  [0m] Started LSB: MD monitoring daemon.
[[0;32m  OK  [0m] Started Login to default iSCSI targets.
[[0;32m  OK  [0m] Reached target Remote File Systems (Pre).
[[0;32m  OK  [0m] Reached target Remote File Systems.
         Starting LSB: Set the CPU Frequency Scaling governor to "ondemand"...
         Starting LSB: daemon to balance interrupts for SMP systems...
         Starting LSB: automatic crash report generation...
         Starting Permit User Sessions...
[[0;32m  OK  [0m] Started Authenticate and Authorize Users to Run Privileged Tasks.
[[0;32m  OK  [0m] Started Accounts Service.
[[0;32m  OK  [0m] Started Permit User Sessions.
         Starting Hold until boot process finishes up...
         Starting Terminate Plymouth Boot Screen...
[[0;32m  OK  [0m] Started Terminate Plymouth Boot Screen.
[[0;32m  OK  [0m] Started Hold until boot process finishes up.
         Starting Set console scheme...
[[0;32m  OK  [0m] Started Getty on tty1.
[[0;32m  OK  [0m] Started Serial Getty on ttyS0.
[[0;32m  OK  [0m] Reached target Login Prompts.
[[0;32m  OK  [0m] Started Virtualbox guest utils.
[[0;32m  OK  [0m] Started LSB: Set the CPU Frequency Scaling governor to "ondemand".
[[0;32m  OK  [0m] Started Set console scheme.
[[0;32m  OK  [0m] Started Snappy daemon.
         Starting Wait until snapd is fully seeded...
[[0;32m  OK  [0m] Started LXD - container startup/shutdown.
[[0;32m  OK  [0m] Started LSB: daemon to balance interrupts for SMP systems.
[[0;32m  OK  [0m] Started LSB: automatic crash report generation.
[[0;32m  OK  [0m] Started Pollinate to seed the pseudo random number generator.
         Starting OpenBSD Secure Shell server...
[[0;32m  OK  [0m] Started OpenBSD Secure Shell server.
[[0;32m  OK  [0m] Created slice User Slice of vagrant.
[[0;32m  OK  [0m] Started Session 1 of user vagrant.
         Starting User Manager for UID 1000...
[[0;32m  OK  [0m] Started User Manager for UID 1000.
[[0;32m  OK  [0m] Started Wait until snapd is fully seeded.
         Starting Apply the settings specified in cloud-config...
[[0;32m  OK  [0m] Reached target Multi-User System.
[[0;32m  OK  [0m] Reached target Graphical Interface.
         Starting Update UTMP about System Runlevel Changes...
[[0;32m  OK  [0m] Started Update UTMP about System Runlevel Changes.

Ubuntu 16.04.6 LTS ubuntu-xenial ttyS0

ubuntu-xenial login: [   46.288788] cloud-init[1367]: Generating locales (this might take a while)...
[   49.672899] cloud-init[1367]:   en_US.UTF-8... done
[   49.674840] cloud-init[1367]: Generation complete.
[   52.232231] cloud-init[1367]: Cloud-init v. 19.1-1-gbaa47854-0ubuntu1~16.04.1 running 'modules:config' at Fri, 23 Aug 2019 15:44:03 +0000. Up 45.53 seconds.
ci-info: no authorized ssh keys fingerprints found for user ubuntu.
<14>Aug 23 15:44:11 ec2: 
<14>Aug 23 15:44:11 ec2: #############################################################
<14>Aug 23 15:44:11 ec2: -----BEGIN SSH HOST KEY FINGERPRINTS-----
<14>Aug 23 15:44:11 ec2: 1024 SHA256:PECTky9hEMX8VU6v4FXZEKZNRSAWsPp2OsROWg3oNOw root@ubuntu-xenial (DSA)
<14>Aug 23 15:44:11 ec2: 256 SHA256:a0unOsAPOWwQbfZg/kz0OZB16nJ3mtRpGTRTkf6Qo+E root@ubuntu-xenial (ECDSA)
<14>Aug 23 15:44:11 ec2: 256 SHA256:uG2RLyS6rDrT+9zINgCu8VlZr3loxVwZMhKzLYAOrMc root@ubuntu-xenial (ED25519)
<14>Aug 23 15:44:11 ec2: 2048 SHA256:7vXY34S/7kga4Nv2qVQ6CoWN3JObB4HexLtvnQ8h3t4 root@ubuntu-xenial (RSA)
<14>Aug 23 15:44:11 ec2: -----END SSH HOST KEY FINGERPRINTS-----
<14>Aug 23 15:44:11 ec2: #############################################################
-----BEGIN SSH HOST KEY KEYS-----
ecdsa-sha2-nistp256 AAAAE2VjZHNhLXNoYTItbmlzdHAyNTYAAAAIbmlzdHAyNTYAAABBBN5pY5KpEsGqHsPDbZ0Iy9jFhCN40ADiSm3MtMvyMwpMOf13nxu9tFFbcDylmDilyAjzXGofYI3SZKugHqIEPhQ= root@ubuntu-xenial
ssh-ed25519 AAAAC3NzaC1lZDI1NTE5AAAAIBIWWqGV8eZUk6BY2cVEgZqFdAqyxKjbhesE60VcI1HM root@ubuntu-xenial
ssh-rsa AAAAB3NzaC1yc2EAAAADAQABAAABAQDyeW4JuvlP1FQFV8db55owuWyzGdjz1QmSDy2Z4GzHGWAcsWVphAkdRBWtMnHB6OXYSJodprk8mFEFs9awPPEMuFPyGYsLS/SaEMXpHyEcFZdKA60GEMZo18MgKTwUCZorEvNTYBoMfcKUqU8M1kQm0jlL8O/d4oK7nhtWZ1gA6M/PlXmttob+Jo22zCd6NZAg3q/NPy7mKMf07HSV8bq+zOLy4yo8P2wPzCDC7eMQQwFwXhk5nJOMW0bdueMcfiLN7IeeGpF7IQsdp3I4eQqPcIX9LFLRep2QVx7x6NMvUv8MIbjHt9zrk/XQLbPkDlVSPHoSXdVymFGTGvw/1/S3 root@ubuntu-xenial
-----END SSH HOST KEY KEYS-----
[   53.949833] cloud-init[1555]: Cloud-init v. 19.1-1-gbaa47854-0ubuntu1~16.04.1 running 'modules:final' at Fri, 23 Aug 2019 15:44:11 +0000. Up 53.40 seconds.
[   53.950567] cloud-init[1555]: ci-info: no authorized ssh keys fingerprints found for user ubuntu.
[   53.951268] cloud-init[1555]: Cloud-init v. 19.1-1-gbaa47854-0ubuntu1~16.04.1 finished at Fri, 23 Aug 2019 15:44:11 +0000. Datasource DataSourceNoCloud [seed=/dev/sdb][dsmode=net].  Up 53.91 seconds
