[    0.000000] Initializing cgroup subsys cpuset
[    0.000000] Initializing cgroup subsys cpu
[    0.000000] Initializing cgroup subsys cpuacct
[    0.000000] Linux version 4.4.0-159-generic (buildd@lgw01-amd64-042) (gcc version 5.4.0 20160609 (Ubuntu 5.4.0-6ubuntu1~16.04.10) ) #187-Ubuntu SMP Thu Aug 1 16:28:06 UTC 2019 (Ubuntu 4.4.0-159.187-generic 4.4.185)
[    0.000000] Command line: BOOT_IMAGE=/boot/vmlinuz-4.4.0-159-generic root=LABEL=cloudimg-rootfs ro console=tty1 console=ttyS0
[    0.000000] KERNEL supported cpus:
[    0.000000]   Intel GenuineIntel
[    0.000000]   AMD AuthenticAMD
[    0.000000]   Centaur CentaurHauls
[    0.000000] x86/fpu: Legacy x87 FPU detected.
[    0.000000] e820: BIOS-provided physical RAM map:
[    0.000000] BIOS-e820: [mem 0x0000000000000000-0x000000000009fbff] usable
[    0.000000] BIOS-e820: [mem 0x000000000009fc00-0x000000000009ffff] reserved
[    0.000000] BIOS-e820: [mem 0x00000000000f0000-0x00000000000fffff] reserved
[    0.000000] BIOS-e820: [mem 0x0000000000100000-0x000000002cfeffff] usable
[    0.000000] BIOS-e820: [mem 0x000000002cff0000-0x000000002cffffff] ACPI data
[    0.000000] BIOS-e820: [mem 0x00000000fec00000-0x00000000fec00fff] reserved
[    0.000000] BIOS-e820: [mem 0x00000000fee00000-0x00000000fee00fff] reserved
[    0.000000] BIOS-e820: [mem 0x00000000fffc0000-0x00000000ffffffff] reserved
[    0.000000] NX (Execute Disable) protection: active
[    0.000000] SMBIOS 2.5 present.
[    0.000000] Hypervisor detected: KVM
[    0.000000] e820: last_pfn = 0x2cff0 max_arch_pfn = 0x400000000
[    0.000000] MTRR: Disabled
[    0.000000] x86/PAT: MTRRs disabled, skipping PAT initialization too.
[    0.000000] CPU MTRRs all blank - virtualized system.
[    0.000000] x86/PAT: Configuration [0-7]: WB  WT  UC- UC  WB  WT  UC- UC  
[    0.000000] found SMP MP-table at [mem 0x0009fff0-0x0009ffff] mapped at [ffff88000009fff0]
[    0.000000] Scanning 1 areas for low memory corruption
[    0.000000] RAMDISK: [mem 0x2b961000-0x2c7dcfff]
[    0.000000] ACPI: Early table checksum verification disabled
[    0.000000] ACPI: RSDP 0x00000000000E0000 000024 (v02 VBOX  )
[    0.000000] ACPI: XSDT 0x000000002CFF0030 00003C (v01 VBOX   VBOXXSDT 00000001 ASL  00000061)
[    0.000000] ACPI: FACP 0x000000002CFF00F0 0000F4 (v04 VBOX   VBOXFACP 00000001 ASL  00000061)
[    0.000000] ACPI: DSDT 0x000000002CFF0470 0021FF (v02 VBOX   VBOXBIOS 00000002 INTL 20180105)
[    0.000000] ACPI: FACS 0x000000002CFF0200 000040
[    0.000000] ACPI: FACS 0x000000002CFF0200 000040
[    0.000000] ACPI: APIC 0x000000002CFF0240 000054 (v02 VBOX   VBOXAPIC 00000001 ASL  00000061)
[    0.000000] ACPI: SSDT 0x000000002CFF02A0 0001CC (v01 VBOX   VBOXCPUT 00000002 INTL 20180105)
[    0.000000] No NUMA configuration found
[    0.000000] Faking a node at [mem 0x0000000000000000-0x000000002cfeffff]
[    0.000000] NODE_DATA(0) allocated [mem 0x2cfeb000-0x2cfeffff]
[    0.000000] kvm-clock: Using msrs 4b564d01 and 4b564d00
[    0.000000] kvm-clock: cpu 0, msr 0:2cfe3001, primary cpu clock
[    0.000000] kvm-clock: using sched offset of 7675332217 cycles
[    0.000000] clocksource: kvm-clock: mask: 0xffffffffffffffff max_cycles: 0x1cd42e4dffb, max_idle_ns: 881590591483 ns
[    0.000000] Zone ranges:
[    0.000000]   DMA      [mem 0x0000000000001000-0x0000000000ffffff]
[    0.000000]   DMA32    [mem 0x0000000001000000-0x000000002cfeffff]
[    0.000000]   Normal   empty
[    0.000000]   Device   empty
[    0.000000] Movable zone start for each node
[    0.000000] Early memory node ranges
[    0.000000]   node   0: [mem 0x0000000000001000-0x000000000009efff]
[    0.000000]   node   0: [mem 0x0000000000100000-0x000000002cfeffff]
[    0.000000] Initmem setup node 0 [mem 0x0000000000001000-0x000000002cfeffff]
[    0.000000] ACPI: PM-Timer IO Port: 0x4008
[    0.000000] IOAPIC[0]: apic_id 1, version 32, address 0xfec00000, GSI 0-23
[    0.000000] ACPI: INT_SRC_OVR (bus 0 bus_irq 0 global_irq 2 dfl dfl)
[    0.000000] ACPI: INT_SRC_OVR (bus 0 bus_irq 9 global_irq 9 low level)
[    0.000000] Using ACPI (MADT) for SMP configuration information
[    0.000000] smpboot: Allowing 1 CPUs, 0 hotplug CPUs
[    0.000000] PM: Registered nosave memory: [mem 0x00000000-0x00000fff]
[    0.000000] PM: Registered nosave memory: [mem 0x0009f000-0x0009ffff]
[    0.000000] PM: Registered nosave memory: [mem 0x000a0000-0x000effff]
[    0.000000] PM: Registered nosave memory: [mem 0x000f0000-0x000fffff]
[    0.000000] e820: [mem 0x2d000000-0xfebfffff] available for PCI devices
[    0.000000] Booting paravirtualized kernel on KVM
[    0.000000] clocksource: refined-jiffies: mask: 0xffffffff max_cycles: 0xffffffff, max_idle_ns: 7645519600211568 ns
[    0.000000] setup_percpu: NR_CPUS:512 nr_cpumask_bits:512 nr_cpu_ids:1 nr_node_ids:1
[    0.000000] PERCPU: Embedded 34 pages/cpu @ffff88002cc00000 s99544 r8192 d31528 u2097152
[    0.000000] Built 1 zonelists in Node order, mobility grouping on.  Total pages: 181304
[    0.000000] Policy zone: DMA32
[    0.000000] Kernel command line: BOOT_IMAGE=/boot/vmlinuz-4.4.0-159-generic root=LABEL=cloudimg-rootfs ro console=tty1 console=ttyS0
[    0.000000] PID hash table entries: 4096 (order: 3, 32768 bytes)
[    0.000000] Memory: 690660K/736824K available (8618K kernel code, 1335K rwdata, 4032K rodata, 1488K init, 1284K bss, 46164K reserved, 0K cma-reserved)
[    0.000000] SLUB: HWalign=64, Order=0-3, MinObjects=0, CPUs=1, Nodes=1
[    0.000000] Kernel/User page tables isolation: enabled
[    0.000000] Hierarchical RCU implementation.
[    0.000000] 	Build-time adjustment of leaf fanout to 64.
[    0.000000] 	RCU restricting CPUs from NR_CPUS=512 to nr_cpu_ids=1.
[    0.000000] RCU: Adjusting geometry for rcu_fanout_leaf=64, nr_cpu_ids=1
[    0.000000] NR_IRQS:33024 nr_irqs:256 16
[    0.000000] Console: colour VGA+ 80x25
[    0.000000] console [tty1] enabldd
[    0.000000] console [ttyS0] enabled
[    0.000000] tsc: Detected 2992.498 MHz processor
[    0.959671] Calibrating delay loop (skipped) preset value.. 5984.99 BogoMIPS (lpj=11969992)
[    1.037163] pid_max: default: 32768 minimum: 301
[    1.038761] ACPI: Core revision 20150930
[    1.041486] ACPI: 2 ACPI AML tables successfully acquired and loaded
[    1.047125] Security Framework initialized
[    1.048582] Yama: becoming mindful.
[    1.050026] AppArmor: AppArmor initialized
[    1.066951] Dentry cache hash table entries: 131072 (order: 8, 1048576 bytes)
[    1.069421] Inode-cache hash table entries: 65536 (order: 7, 524288 bytes)
[    1.071741] Mount-cache hash table entries: 2048 (order: 2, 16384 bytes)
[    1.073796] Mountpoint-cache hash table entries: 2048 (order: 2, 16384 bytes)
[    1.077672] Initializing cgroup subsys io
[    1.079118] Initializing cgroup subsys memory
[    ..080668] Initializing cgroup subsys devices
[    1.157095] Initializing cgroup subsys freezer
[    1.158642] Initializing cgroup subsys net_cls
[    1.160202] Initializing cgroup subsys perf_event
[    1.161796] Initializing cgroup subsys net_prio
[    1.163393] Initializing cgroup subsys hugetlb
[    1.164922] Initializing cgroup subsys pids
[    1.166548] mce: CPU supports 0 MCE banks
[    1.168027] process: using mwait in idle threads
[    1.169630] Last level iTLB entries: 4KB 128, 2MB 4, 4MB 4
[    1.171400] Last level dTLB entries: 4KB 256, 2MB 0, 4MB 32, 1GB 0
[    1.173365] Spectre V1 : Mitigation: usercopy/swapgs barriers and __user pointer sanitization
[    1.176331] Spectre V2 : Mitigation: Full generic retpoline
[    1.178143] Spectre V2 : Spectre v2 / SpectreRSB mitigation: Filling RSB on context switch
[    1.180989] Speculative Store Bypass: Vulnerable
[    1.183329] MDS: Vulnerable: Clear CPU buffers attempted, no microcode
[    1.877950] Freeing SMP alternatives memory: 36K
[    1.959602] ftrace: allocating 32318 entries in 127 pages
[    2.078202] smpboot: APIC(0) Converting physical 0 to logical package 0
[    2.097615] smpboot: Max logical packages: 1
[    2.099739] x2apic enabled
[    2.101406] Switched APIC routing to physical x2apic.
[    2.105388] ..TIMER: vector=0x30 apic1=0 pin1=2 apic2=-1 pin2=-1
[    2.176865] APIC calibration not consistent with PM-Timer: 200ms instead of 100ms
[    2.179534] APIC delta adjusted to PM-Timer: 6249977 (12500670)
[    2.181484] smpboot: CPU0: Intel(R) Core(TM)2 Duo CPU     E8400  @ 3.00GHz (family: 0x6, model: 0x17, stepping: 0xa)
[    2.185140] Performance Events: unsupported p6 CPU model 23 no PMU driver, software events only.
[    2.380373] KVM setup paravirtual spinlock
[    2.405100] x86: Booted up 1 node, 1 CPUs
[    2.416558] smpboot: Total of 1 processors activated (5984.99 BogoMIPS)
[    2.419051] devtmpfs: initialized
[    2.422725] evm: security.selinux
[    2.496998] evm: security.SMACK64
[    2.579007] evm: security.SMACK64EXEC
[    2.580351] evm: security.SMACK64TRANSMUTE
[    2.593149] evm: security.SMACK64MMAP
[    2.595342] evm: security.ima
[    2.598488] evm: security.capability
[    2.601328] clocksource: jiffies: mask: 0xffffffff max_cycles: 0xffffffff, max_idle_ns: 7645041785100000 ns
[    2.609932] futex hash table entries: 256 (order: 2, 16384 bytes)
[    2.639786] pinctrl core: initialized pinctrl subsystem
[    2.641739] RTC time: 16:37:22, date: 08/23/19
[    2.680663] NET: Registered protocol family 16
[    2.717440] cpuidle: using governor ladder
[    2.718913] cpuidle: using governor menu
[    2.720321] PCCT header not found.
[    2.721674] ACPI: bus type PCI registered
[    2.782175] acpiphp: ACPI Hot Plug PCI Controller Driver version: 0.5
[    2.784297] PCI: Using configuration type 1 for base access
[    2.787737] ACPI: Added _OSI(Module Device)
[    2.789227] ACPI: Added _OSI(Processor Device)
[    2.790755] ACPI: Added _OSI(3.0 _SCP Extensions)
[    2.792346] ACPI: Added _OSI(Processor Aggregator Device)
[    2.794911] ACPI: Executed 1 blocks of module-level executable AML code
[    2.809201] ACPI: Interpreter enabled
[    2.810645] ACPI: (supports S0 S5)
[    2.811948] ACPI: Using IOAPIC for interrupt routing
[    2.813778] PCI: Using host bridge windows from ACPI; if necessary, use "pci=nocrs" and report a bug
[    2.821366] ACPI: PCI Root Bridge [PCI0] (domain 0000 [bus 00-ff])
[    2.823297] acpi PNP0A03:00: _OSC: OS supports [ASPM ClockPM Segments MSI]
[    2.825420] acpi PNP0A03:00: _OSC: not requesting OS control; OS requires [ExtendedConfig ASPM ClockPM MSI]
[    2.926448] acpi PNP0A03:00: fail to add MMCONFIG information, can't access extended PCI configuration space under this bridge.
[    2.933822] PCI host bridge to bus 0000:00
[    3.007025] pci_bus 0000:00: root bus resource [io  0x0000-0x0cf7 window]
[    3.009099] pci_bus 0000:00: root bus resource [io  0x0d00-0xffff window]
[    3.011171] pci_bus 0000:00: root bus resource [mem 0x000a0000-0x000bffff window]
[    3.036127] pci_bus 0000:00: root bus resource [mem 0x2d000000-0xfdffffff window]
[    3.038808] pci_bus 0000:00: root bus resource [bus 00-ff]
[    3.111677] pci 0000:00:01.1: legacy IDE quirk: reg 0x10: [io  0x01f0-0x01f7]
[    3.137681] pci 0000:00:01.1: legacy IDE quirk: reg 0x14: [io  0x03f6]
[    3.139707] pci 0000:00:01.1: legacy IDE quirk: reg 0x18: [io  0x0170-0x0177]
[    3.141857] pci 0000:00:01.1: legacy IDE quirk: reg 0x1c: [io  0x0376]
[    3.218574] pci 0000:00:07.0: quirk: [io  0x4000-0x403f] claimed by PIIX4 ACPI
[    3.228330] pci 0000:00:07.0: quirk: [io  0x4100-0x410f] claimed by PIIX4 SMB
[    3.345298] ACPI: PCI Interrupt Link [LNKA] (IRQs 5 9 10 *11)
[    3.440664] ACPI: PCI Interrupt Link [LNKB] (IRQs 5 9 *10 11)
[    3.502079] ACPI: PCI Interrupt Link [LNKC] (IRQs 5 *9 10 11)
[    3.504595] ACPI: PCI Interrupt Link [LNKD] (IRQs 5 9 10 *11)
[    3.507255] ACPI: Enabled 2 GPEs in block 00 to 07
[    3.509830] vgaarb: setting as boot device: PCI:0000:00:02.0
[    3.511650] vgaarb: device added: PCI:0000:00:02.0,decodes=io+mem,owns=io+mem,locks=none
[    3.514486] vgaarb: loaded
[    3.515620] vgaarb: bridge control possible 0000:00:02.0
[    3.537147] SCSI subsystem initialized
[    3.538924] ACPI: bus type USB registered
[    3.540439] usbcore: registered new interface driver usbfs
[    3.655753] usbcore: registered new interface driver hub
[    3.709217] usbcore: registered new device driver usb
[    3.737713] PCI: Using ACPI for IRQ routing
[    3.751486] NetLabel: Initializing
[    3.776948] NetLabel:  domain hash size = 128
[    3.778627] NetLabel:  protocols = UNLABELED CIPSOv4
[    3.817245] NetLabel:  unlabeled traffic allowed by default
[    3.819489] amd_nb: Cannot enumerate AMD northbridges
[    3.821288] clocksource: Switched to clocksource kvm-clock
[    3.835596] AppArmor: AppArmor Filesystem Enabled
[    3.917251] pnp: PnP ACPI init
[    3.920378] pnp: PnP ACPI: found 3 devices
[    3.929564] clocksource: acpi_pm: mask: 0xffffff max_cycles: 0xffffff, max_idle_ns: 2085701024 ns
[    3.957973] NET: Registered protocol family 2
[    3.960004] TCP established hash table entries: 8192 (order: 4, 65536 bytes)
[    3.962233] TCP bind hash table entries: 8192 (order: 5, 131072 bytes)
[    4.037595] TCP: Hash tables configured (established 8192 bind 8192)
[    4.039683] UDP hash table entries: 512 (order: 2, 16384 bytes)
[    4.041594] UDP-Lite hash table entries: 512 (order: 2, 16384 bytes)
[    4.067181] NET: Registered protocol family 1
[    4.068729] pci 0000:00:00.0: Limiting direct PCI/PCI transfers
[    4.167492] pci 0000:00:01.0: Activating ISA DMA hang workarounds
[    4.169724] Unpacking initramfs...
[    4.672879] Freeing initrd memory: 14832K
[    4.751027] clocksource: tsc: mask: 0xffffffffffffffff max_cycles: 0x2b2296bc2b9, max_idle_ns: 440795321505 ns
[    4.757216] platform rtc_cmos: registered platform RTC device (no PNP device found)
[    4.762444] Scanning for low memory corruption every 60 seconds
[    4.767075] audit: initializing netlink subsys (disabled)
[    4.770874] audit: type=2000 audit(1566578250.845:1): initialized
[    4.775404] Initialise system trusted keyring
[    4.778658] HugeTLB registered 2 MB page size, pre-allocated 0 pages
[    4.783123] zbud: loaded
[    4.784554] VFS: Disk quotas dquot_6.6.0
[    4.786082] VFS: Dquot-cache hash table entries: 512 (order 0, 4096 bytes)
[    4.788457] squashfs: version 4.0 (2009/01/31) Phillip Lougher
[    4.792046] fuse init (API version 7.23)
[    4.800819] Key type big_key registered
[    4.848071] Allocating IMA MOK and blacklist keyrings.
[    4.850237] Key type asymmetric registered
[    4.867037] Asymmetric key parser 'x509' registered
[    4.868716] Block layer SCSI generic (bsg) driver version 0.4 loaded (major 249)
[    4.871458] io scheduler noop registered
[    4.872866] io scheduler deadline registered (default)
[    4.874661] io scheduler cfq registered
[    4.876201] pci_hotplug: PCI Hot Plug PCI Core version: 0.5
[    4.877971] pciehp: PCI Express Hot Plug Controller Driver version: 0.4
[    4.880211] ACPI: AC Adapter [AC] (on-line)
[    4.881752] input: Power Button as /devices/LNXSYSTM:00/LNXPWRBN:00/input/input0
[    4.953516] ACPI: Power Button [PWRF]
[    4.954966] input: Sleep Button as /devices/LNXSYSTM:00/LNXSLPBN:00/input/input1
[    4.957604] ACPI: Sleep Button [SLPF]
[    4.959192] GHES: HEST is not enabled!
[    4.960693] Serial: 8250/16550 driver, 32 ports, IRQ sharing enabled
[    4.985950] 00:02: ttyS0 at I/O 0x3f8 (irq = 4, base_baud = 115200) is a 16550A
[    5.060844] Linux agpgart interface v0.103
[    5.063820] loop: module loaded
[    5.065874] scsi host0: ata_piix
[    5.067241] scsi host1: ata_piix
[    5.068526] ata1: PATA max UDMA/33 cmd 0x1f0 ctl 0x3f6 bmdma 0xd000 irq 14
[    5.070627] ata2: PATA max UDMA/33 cmd 0x170 ctl 0x376 bmdma 0xd008 irq 15
[    5.073384] libphy: Fixed MDIO Bus: probed
[    5.074877] tun: Universal TUN/TAP device driver, 1.6
[    5.076614] tun: (C) 1999-2004 Max Krasnyansky <maxk@qualcomm.com>
[    5.078633] PPP generic driver version 2.4.2
[    5.080195] ehci_hcd: USB 2.0 'Enhanced' Host Controller (EHCI) Driver
[    5.082207] ehci-pci: EHCI PCI platform driver
[    5.157804] ehci-platform: EHCI generic platform driver
[    5.159514] ohci_hcd: USB 1.1 'Open' Host Controller (OHCI) Driver
[    5.167135] ohci-pci: OHCI PCI platform driver
[    5.168673] ohci-platform: OHCI generic platform driver
[    5.170421] uhci_hcd: USB Universal Host Controller Interface driver
[    5.172442] i8042: PNP: PS/2 Controller [PNP0303:PS2K,PNP0f03:PS2M] at 0x60,0x64 irq 1,12
[    5.175961] serio: i8042 KBD port at 0x60,0x64 irq 1
[    5.177594] serio: i8042 AUX port at 0x60,0x64 irq 12
[    5.179456] mousedev: PS/2 mouse device common for all mice
[    5.181668] input: AT Translated Set 2 keyboard as /devices/platform/i8042/serio0/input/input2
[    5.184941] rtc_cmos rtc_cmos: rtc core: registered rtc_cmos as rtc0
[    5.187185] rtc_cmos rtc_cmos: alarms up to one day, 114 bytes nvram
[    5.258455] i2c /dev entries driver
[    5.259823] device-mapper: uevent: version 1.0.3
[    5.261456] device-mapper: ioctl: 4.34.0-ioctl (2015-10-28) initialised: dm-devel@redhat.com
[    5.264401] ledtrig-cpu: registered to indicate activity on CPUs
[    5.266683] NET: Registered protocol family 10
[    5.268553] NET: Registered protocol family 17
[    5.270093] Key type dns_resolver registered
[    5.287010] registered taskstats version 1
[    5.306901] Loading compiled-in X.509 certificates
[    5.309472] Loaded X.509 cert 'Build time autogenerated kernel key: d14182f9795b80ec340f636a5a08bf5817ccd8e7'
[    5.363677] zswap: loaded using pool lzo/zbud
[    5.389425] Key type trusted registered
[    5.483254] Key type encrypted registered
[    5.487028] AppArmor: AppArmor sha1 policy hashing enabled
[    5.488858] ima: No TPM chip found, activating TPM-bypass!
[    5.490774] ima: Allocated hash algorithm: sha1
[    5.492338] evm: HMAC attrs: 0x1
[    5.493984]   Magic number: 15:20:642
[    5.495445] rtc_cmos rtc_cmos: setting system clock to 2019-08-23 16:37:25 UTC (1566578245)
[    5.608166] BIOS EDD facility v0.16 2004-Jun-25, 0 devices found
[    5.610054] EDD information not available.
[    5.681973] Freeing unused kernel memory: 1488K
[    5.717391] Write protecting the kernel read-only data: 14336k
[    5.731669] Freeing unused kernel memory: 1608K
[    5.774194] Freeing unused kernel memory: 64K
Loading, please wait...
starting version[    6.014729] random: systemd-udevd: uninitialized urandom read (16 bytes read, 4 bits of entropy available)
 229
[    6.096354] random: udevadm: uninitialized urandom read (16 bytes read, 4 bits of entropy available)
[    6.118401] random: udevadm: uninitialized urandom read (16 bytes read, 4 bits of entropy available)
[    6.188058] random: systemd-udevd: uninitialized urandom read (16 bytes read, 4 bits of entropy available)
[    6.212961] random: systemd-udevd: uninitialized urandom read (16 bytes read, 4 bits of entropy available)
[    6.289536] random: systemd-udevd: uninitialized urandom read (16 bytes read, 4 bits of entropy available)
[    6.324983] random: systemd-udevd: uninitialized urandom read (16 bytes read, 4 bits of entropy available)
[    6.421278] random: udevadm: uninitialized urandom read (16 bytes read, 4 bits of entropy available)
[    6.515603] random: systemd-udevd: uninitialized urandom read (16 bytes read, 4 bits of entropy available)
[    6.538947] random: systemd-udevd: uninitialized urandom read (16 bytes read, 4 bits of entropy available)
[    7.243576] Fusion MPT base driver 3.04.20
[    7.267099] Copyright (c) 1999-2008 LSI Corporation
[    7.274494] e1000: Intel(R) PRO/1000 Network Driver - version 7.3.21-k8-NAPI
[    7.322336] e1000: Copyright (c) 1999-2006 Intel Corporation.
[    7.558321] input: ImExPS/2 Generic Explorer Mouse as /devices/platform/i8042/serio1/input/input4
[    7.670478] Fusion MPT SPI Host driver 3.04.20
[    8.710243] e1000 0000:00:03.0 eth0: (PCI:33MHz:32-bit) 02:6a:5b:40:72:6f
[    8.752994] e1000 0000:00:03.0 eth0: Intel(R) PRO/1000 Network Connection
[    8.760546] e1000 0000:00:03.0 enp0s3: renamed from eth0
[    8.762397] mptbase: ioc0: Initiating bringup
[    8.825702] ioc0: LSI53C1030 A0: Capabilities={Initiator}
[    9.002981] scsi host2: ioc0: LSI53C1030 A0, FwRev=00000000h, Ports=1, MaxQ=256, IRQ=20
[    9.138398] scsi 2:0:0:0: Direct-Access     VBOX     HARDDISK         1.0  PQ: 0 ANSI: 5
[    9.147388] scsi target2:0:0: Beginning Domain Validation
[    9.152517] scsi target2:0:0: Domain Validation skipping write tests
[    9.161251] scsi target2:0:0: Ending Domain Validation
[    9.163676] scsi target2:0:0: asynchronous
[    9.165652] scsi 2:0:1:0: Direct-Access     VBOX     HARDDISK         1.0  PQ: 0 ANSI: 5
[    9.207759] scsi target2:0:1: Beginning Domain Validation
[    9.270454] scsi target2:0:1: Domain Validation skipping write tests
[    9.272414] scsi target2:0:1: Ending Domain Validation
[    9.274205] scsi target2:0:1: asynchronous
[    9.281506] sd 2:0:0:0: Attached scsi generic sg0 type 0
[    9.283337] sd 2:0:0:0: [sda] 20971520 512-byte logical blocks: (10.7 GB/10.0 GiB)
[    9.287167] sd 2:0:1:0: [sdb] 20480 512-byte logical blocks: (10.5 MB/10.0 MiB)
[    9.290708] sd 2:0:1:0: [sdb] Write Protect is off
[    9.292951] sd 2:0:1:0: Attached scsi generic sg1 type 0
[    9.316239] sd 2:0:0:0: [sda] Write Protect is off
[    9.414973] sd 2:0:1:0: [sdb] Incomplete mode parameter data
[    9.510952] sd 2:0:1:0: [sdb] Assuming drive cache: write through
[    9.587517] sd 2:0:0:0: [sda] Incomplete mode parameter data
[    9.589371] sd 2:0:0:0: [sda] Assuming drive cache: write through
[    9.626484]  sda: sda1
[    9.638543] sd 2:0:1:0: [sdb] Attached SCSI disk
[    9.640622] sd 2:0:0:0: [sda] Attached SCSI disk
Begin: Loading essential drivers ... [   12.941008] md: linear personality registered for level -1
[   12.961143] md: multipath personality registered for level -4
[   13.075800] md: raid0 personality registered for level 0
[   13.168756] md: raid1 personality registered for level 1
[   13.351206] raid6: sse2x1   gen()  4101 MB/s
[   13.456233] raid6: sse2x1   xor()  3128 MB/s
[   13.561323] raid6: sse2x2   gen()  3368 MB/s
[   13.666050] raid6: sse2x2   xor()  3282 MB/s
[   13.771149] raid6: sse2x4   gen()  3822 MB/s
[   13.871175] raid6: sse2x4   xor()  4994 MB/s
[   13.872747] raid6: using algorithm sse2x1 gen() 4101 MB/s
[   13.874509] raid6: .... xor() 3128 MB/s, rmw enabled
[   13.876194] raid6: using ssse3x2 recovery algorithm
[   13.899831] xor: measuring software checksum speed
[   14.105641]    prefetch64-sse: 30059.000 MB/sec
[   14.315636]    generic_sse: 26694.000 MB/sec
[   14.337076] xor: using function: prefetch64-sse (30059.000 MB/sec)
[   14.405806] async_tx: api initialized (async)
[   14.535518] md: raid6 personality registered for level 6
[   14.547339] md: raid5 personality registered for level 5
[   14.549086] md: raid4 personality registered for level 4
[   14.755408] md: raid10 personality registered for level 10
done.
Begin: Running /scripts/init-premount ... done.
Begin: Mounting root file system ... Begin: Running /scripts/local-top ... done.
Begin: Running /scripts/local-premount ... [   15.143827] Btrfs loaded
Scanning for Btrfs filesystems
done.
Warning: fsck not present, so skipping root file system
[   15.545425] EXT4-fs (sda1): mounted filesystem with ordered data mode. Opts: (null)
done.
Begin: Running /scripts/local-bottom ... done.
Begin: Running /scripts/init-bottom ... done.
[   16.425953] random: nonblocking pool is initialized
[   16.498924] systemd[1]: systemd 229 running in system mode. (+PAM +AUDIT +SELINUX +IMA +APPARMOR +SMACK +SYSVINIT +UTMP +LIBCRYPTSETUP +GCRYPT +GNUTLS +ACL +XZ -LZ4 +SECCOMP +BLKID +ELFUTILS +KMOD -IDN)
[   16.511233] systemd[1]: Detected virtualization oracle.
[   16.512948] systemd[1]: Detected architecture x86-64.

Welcome to [1mUbuntu 16.04.6 LTS[0m!

[   16.533032] systemd[1]: Set hostname to <ubuntu>.
[   16.557318] systemd[1]: Initializing machine ID from random generator.
[   16.567818] systemd[1]: Installed transient /etc/machine-id file.
[   18.013043] systemd[1]: Listening on udev Kernel Socket.
[[0;32m  OK  [0m] Listening on udev Kernel Socket.
[   18.028254] systemd[1]: Reached target Encrypted Volumes.
[[0;32m  OK  [0m] Reached target Encrypted Volumes.
[   18.049663] systemd[1]: Listening on Syslog Socket.
[[0;32m  OK  [0m] Listening on Syslog Socket.
[   18.094077] systemd[1]: Listening on Device-mapper event daemon FIFOs.
[[0;32m  OK  [0m] Listening on Device-mapper event daemon FIFOs.
[   18.098402] systemd[1]: Reached target System Time Synchronized.
[[0;32m  OK  [0m] Reached target System Time Synchronized.
[   18.103873] systemd[1]: Created slice User and Session Slice.
[[0;32m  OK  [0m] Created slice User and Session Slice.
[   18.107910] systemd[1]: Reached target User and Group Name Lookups.
[[0;32m  OK  [0m] Reached target User and Group Name Lookups.
[   18.112833] systemd[1]: Set up automount Arbitrary Executable File Formats File System Automount Point.
[[0;32m  OK  [0m] Set up automount Arbitrary Executab...ats File System Automount Point.
[   18.118918] systemd[1]: Listening on Journal Audit Socket.
[[0;32m  OK  [0m] Listening on Journal Audit Socket.
[   18.123095] systemd[1]: Started Forward Password Requests to Wall Directory Watch.
[[0;32m  OK  [0m] Started Forward Password Requests to Wall Directory Watch.
[   18.128299] systemd[1]: Reached target Swap.
[[0;32m  OK  [0m] Reached target Swap.
[   18.131871] systemd[1]: Listening on LVM2 poll daemon socket.
[[0;32m  OK  [0m] Listening on LVM2 poll daemon socket.
[   18.135986] systemd[1]: Listening on LVM2 metadata daemon socket.
[[0;32m  OK  [0m] Listening on LVM2 metadata daemon socket.
[   18.141102] systemd[1]: Created slice System Slice.
[[0;32m  OK  [0m] Created slice System Slice.
[   18.196389] systemd[1]: Created slice system-serial\x2dgetty.slice.
[[0;32m  OK  [0m] Created slice system-serial\x2dgetty.slice.
[   18.200840] systemd[1]: Started Trigger resolvconf update for networkd DNS.
[[0;32m  OK  [0m] Started Trigger resolvconf update for networkd DNS.
[   18.205506] systemd[1]: Listening on Journal Socket (/dev/log).
[[0;32m  OK  [0m] Listening on Journal Socket (/dev/log).
[   18.209895] systemd[1]: Listening on udev Control Socket.
[[0;32m  OK  [0m] Listening on udev Control Socket.
[   18.214033] systemd[1]: Listening on Journal Socket.
[[0;32m  OK  [0m] Listening on Journal Socket.
[   18.222060] systemd[1]: Starting Set console keymap...
         Starting Set console keymap...
[   18.265354] systemd[1]: Starting Remount Root and Kernel File Systems...
         Starting Remount Root and Kernel File Systems...
[   18.400101] systemd[1]: Starting Nameserver information manager...
         Starting Nameserver information manager...
[   18.430821] systemd[1]: Mounting POSIX Message Queue File System...
         Mounting POSIX Message Queue File System...
[   18.525785] EXT4-fs (sda1): re-mounted. Opts: (null)
[   18.541959] systemd[1]: Starting Uncomplicated firewall...
         Starting Uncomplicated firewall...
[   18.741812] systemd[1]: Starting Load Kernel Modules...
         Starting Load Kernel Modules...
[   18.830764] systemd[1]: Starting Monitoring of LVM2 mirrors, snapshots etc. using dmeventd or progress polling...
         Starting Monitoring of LVM2 mirrors... dmeventd or progress polling...
[   18.861026] systemd[1]: Mounting Huge Pages File System...
         Mounting Huge Pages File System...
[   19.055391] systemd[1]: Mounting Debug File System...
         Mounting Debug File System...
[   19.235655] systemd[1]: Listening on /dev/initctl Compatibility Named Pipe.
[[0;32m  OK  [0m] Listening on /dev/initctl Compatibility Named Pipe.
[   19.257199] systemd[1]: Reached target Slices.
[[0;32m  OK  [0m] Reached target Slices.
[   19.272143] systemd[1]: Starting Create list of required static device nodes for the current kernel...
[   19.349108] Loading iSCSI transport class v2.0-870.
         Starting Create list of required st... nodes for the current kernel...
[   19.451358] iscsi: registered transport (tcp)
[   19.544558] systemd[1]: Starting Journal Service...
         Starting Journal Service...
[   19.755210] systemd[1]: Mounted Huge Pages File System.
[[0;32m  OK  [0m] Mounted Huge Pages File System.
[   19.948703] systemd[1]: Mounted POSIX Message Queue File System.
[[0;32m  OK  [0m] Mounted POSIX Message Queue File System.
[   19.957927] systemd[1]: Mounted Debug File System.
[[0;32m  OK  [0m] Mounted Debug File System.
[   19.980158] systemd[1]: Started Set console keymap.
[[0;32m  OK  [0m] Started Set console keymap.
[   19.994818] systemd[1]: Started Remount Root and Kernel File Systems.
[[0;32m  OK  [0m] Started Remount Root and Kernel File Systems.
[   20.100362] systemd[1]: Started Uncomplicated firewall.
[   20.278516] iscsi: registered transport (iser)
[[0;32m  OK  [0m] Started Uncomplicated firewall.
[   20.366709] systemd[1]: Started Load Kernel Modules.
[[0;32m  OK  [0m] Started Load Kernel Modules.
[   20.373559] systemd[1]: Started Create list of required static device nodes for the current kernel.
[[0;32m  OK  [0m] Started Create list of required sta...ce nodes for the current kernel.
[   20.394044] systemd[1]: Started Nameserver information manager.
[[0;32m  OK  [0m] Started Nameserver information manager.
[   20.490389] systemd[1]: Started Journal Service.
[[0;32m  OK  [0m] Started Journal Service.
[[0;32m  OK  [0m] Started LVM2 metadata daemon.
         Starting Create Static Device Nodes in /dev...
         Starting Apply Kernel Variables...
         Mounting FUSE Control File System...
         Starting udev Coldplug all Devices...
         Starting Load/Save Random Seed...
         Starting Flush Journal to Persistent Storage...
[[0;32m  OK  [0m] Mounted FUSE Control File System.
[[0;32m  OK  [0m] Started Create Static Device Nodes in /dev.
[[0;32m  OK  [0m] Started Apply Kernel Variables.
[[0;32m  OK  [0m] Started Load/Save Random Seed.
         Starting udev Kernel Device Manager...
[[0;32m  OK  [0m] Started Flush Journal to Persistent Storage.
[[0;32m  OK  [0m] Started Monitoring of LVM2 mirrors,...ng dmeventd or progress polling.
[[0;32m  OK  [0m] Reached target Local File Systems (Pre).
[[0;32m  OK  [0m] Reached target Local File Systems.
         Starting Set console font and keymap...
         Starting Create Volatile Files and Directories...
         Starting Initial cloud-init job (pre-networking)...
         Starting Commit a transient machine-id on disk...
         Starting LSB: AppArmor initialization...
         Starting Tell Plymouth To Write Out Runtime Data...
[[0;32m  OK  [0m] Started Create Volatile Files and Directories.
[[0;32m  OK  [0m] Started Commit a transient machine-id on disk.
[[0;32m  OK  [0m] Started Tell Plymouth To Write Out Runtime Data.
         Starting Update UTMP about System Boot/Shutdown...
[[0;32m  OK  [0m] Started Update UTMP about System Boot/Shutdown.
[[0;32m  OK  [0m] Started udev Coldplug all Devices.
[[0;32m  OK  [0m] Started udev Kernel Device Manager.
[[0;32m  OK  [0m] Started Dispatch Password Requests to Console Directory Watch.
[[0;32m  OK  [0m] Found device /dev/ttyS0.
[[0;32m  OK  [0m] Listening on Load/Save RF Kill Switch Status /dev/rfkill Watch.
[[0;32m  OK  [0m] Started LSB: AppArmor initialization.
[   34.949905] cloud-init[456]: Cloud-init v. 19.1-1-gbaa47854-0ubuntu1~16.04.1 running 'init-local' at Fri, 23 Aug 2019 16:37:53 +0000. Up 30.49 seconds.
[[0;32m  OK  [0m] Started Initial cloud-init job (pre-networking).
[[0;32m  OK  [0m] Reached target Network (Pre).
         Starting Raise network interfaces...
[[0;32m  OK  [0m] Started Set console font and keymap.
[[0;32m  OK  [0m] Created slice system-getty.slice.
[[0;32m  OK  [0m] Started Raise network interfaces.
         Starting Initial cloud-init job (metadata service crawler)...
[[0;32m  OK  [0m] Reached target Network.
[   46.721602] cloud-init[940]: Cloud-init v. 19.1-1-gbaa47854-0ubuntu1~16.04.1 running 'init' at Fri, 23 Aug 2019 16:38:05 +0000. Up 42.73 seconds.
[   46.797766] cloud-init[940]: ci-info: ++++++++++++++++++++++++++++++++++++++Net device info++++++++++++++++++++++++++++++++++++++
[   46.809545] cloud-init[940]: ci-info: +--------+------+----------------------------+---------------+--------+-------------------+
[   46.921386] cloud-init[940]: ci-info: | Device |  Up  |          Address           |      Mask     | Scope  |     Hw-Address    |
[   46.980847] cloud-init[940]: ci-info: +--------+------+----------------------------+---------------+--------+-------------------+
[   46.989594] cloud-init[940]: ci-info: | enp0s3 | True |         10.0.2.15          | 255.255.255.0 | global | 02:6a:5b:40:72:6f |
[   47.013999] cloud-init[940]: ci-info: | enp0s3 | True | fe80::6a:5bff:fe40:726f/64 |       .       |  link  | 02:6a:5b:40:72:6f |
[   47.109444] cloud-init[940]: ci-info: |   lo   | True |         127.0.0.1          |   255.0.0.0   |  host  |         .         |
[   47.203800] cloud-init[940]: ci-info: |   lo   | True |          ::1/128           |       .       |  host  |         .         |
[[0;32m  OK  [0m] Started Initial cloud-init job (metadata service crawler).
[   47.209479] cloud-init[940]: ci-info: +--------+------+----------------------------+---------------+--------+-------------------+
[   47.220292] cloud-init[940]: ci-info: +++++++++++++++++++++++++++Route IPv4 info++++++++++++++++++++++++++++
[[0;32m  OK  [0m] Reached target Cloud-config availability.
[   47.230287] cloud-init[940]: ci-info: +-------+-------------+----------+---------------+-----------+-------+
[[0;32m  OK  [0m] [   47.244369] cloud-init[940]: ci-info: | Route | Destination | Gateway  |    Genmask    | Interface | Flags |
[   47.245947] cloud-init[940]: ci-info: +-------+-------------+----------+---------------+-----------+-------+
[   47.246832] cloud-init[940]: ci-info: |   0   |   0.0.0.0   | 10.0.2.2 |    0.0.0.0    |   enp0s3  |   UG  |
[   47.247114] cloud-init[940]: ci-info: |   1   |   10.0.2.0  | 0.0.0.0  | 255.255.255.0 |   enp0s3  |   U   |
[   47.247384] cloud-init[940]: ci-info: +-------+-------------+----------+---------------+-----------+-------+
[   47.247695] cloud-init[940]: ci-info: +++++++++++++++++++Route IPv6 info+++++++++++++++++++
[   47.248005] cloud-init[940]: ci-info: +-------+-------------+---------+-----------+-------+
Reached target Network is Online.
[   47.248326] cloud-init[940]: ci-info: | Route | Destination | Gateway | Interface | Flags |
         [   47.385822] cloud-init[940]: ci-info: +-------+-------------+---------+-----------+-------+
[   47.394726] cloud-init[940]: ci-info: |   0   |  fe80::/64  |    ::   |   enp0s3  |   U   |
[   47.394982] cloud-init[940]: ci-info: |   4   |   ff00::/8  |    ::   |   enp0s3  |   U   |
[   47.395215] cloud-init[940]: ci-info: +-------+-------------+---------+-----------+-------+
[   47.396537] cloud-init[940]: Generating public/private rsa key pair.
[   47.396796] cloud-init[940]: Your identification has been saved in /etc/ssh/ssh_host_rsa_key.
[   47.397023] cloud-init[940]: Your public key has been saved in /etc/ssh/ssh_host_rsa_key.pub.
[   47.397262] cloud-init[940]: The key fingerprint is:
[   47.397485] cloud-init[940]: SHA256:QHZZ9jMlr5zum3Ekl28/wpVix48JGbEkFXRk7l46s1s root@ubuntu-xenial
[   47.397780] cloud-init[940]: The key's randomart image is:
[   47.398002] cloud-init[940]: +---[RSA 2048]----+
[   47.398232] cloud-init[940]: |      o .ooo=o=  |
Starting iSCSI initiator daemon (iscsid)...
[[0;32m  OK  [0m] Reached target System Initialization.
[   47.401954] cloud-init[940]: |     o .....oB   |
[[0;32m  OK  [0m] Started Daily Cleanup of Temporary Directories.[   47.456598] cloud-init[940]: |      .    o+oo  |

[[0;32m  OK  [0m] Listening on D-Bus System Message Bus Socket.
         Starting Socket activation for snappy daemon.
[[0;32m  OK  [0m] Listening on ACPID Listen Socket.[   47.501090] cloud-init[940]: |       .   .o* . |
[   47.568514] cloud-init[940]: |        S   =o* o|

[   47.588418] cloud-init[940]: |           .oB O |
[[0;32m  OK  [0m] Started ACPI Events Check.
[[0;32m  OK  [0m] Reached target Paths.
[[   47.605684] cloud-init[940]: |            =.XoE|
[   47.615046] cloud-init[940]: |           . *oBo|
[   47.617314] cloud-init[940]: |            +.+.o|
[   47.619583] [0;32m  OK  [0m] Started Daily apt download activities.
[[0;32m  OK  [0m] Started Daily apt upgrade and clean activities.
cloud-init[940]: +----[SHA256]-----+
[   47.625109] cloud-init[940]: Generating public/private dsa key pair.
[   47.625322] cloud-init[940]: Your identification has been saved in /etc/ssh/ssh_host_dsa_key.
[   47.625538] cloud-init[940]: Your public key has been saved in /etc/ssh/ssh_host_dsa_key.pub.
[   47.625749] cloud-init[940]: The key fingerprint is:
[   47.625969] cloud-init[940]: SHA256:hvAT6OaYgU7erYjwZAdFcF54GBzleB5zxUO4WrFiPME root@ubuntu-xenial
[   47.626180] cloud-init[940]: The key's randomart image is:
[   47.626391] cloud-init[940]: +---[DSA 1024]----+
[   47.626654] cloud-init[940]: |  .o=Bo  +o      |
[   47.626876] cloud-init[940]: |   ++=E o.o      |
[   47.627103] cloud-init[940]: |    *o*..+ .     |
[   47.627313] cloud-init[940]: | . o ==*+        |
[   47.627542] cloud-init[940]: |..o o.==S        |
[   47.627756] cloud-init[940]: |+ .B. .o         |
[   47.628001] cloud-init[940]: |.o=.o.           |
[   47.628219] cloud-init[940]: |o+...            |
[   47.628495] cloud-init[940]: |....             |
[   47.693331] cloud-init[940]: +----[SHA256]-----+
[   47.693551] cloud-init[940]: Generating public/private ecdsa key pair.
[   47.693767] cloud-init[940]: Your identification has been saved in /etc/ssh/ssh_host_ecdsa_key.
[   47.693981] cloud-init[940]: Your public key has been saved in /etc/ssh/ssh_host_ecdsa_key.pub.
[   47.694194] cloud-init[940]: The key fingerprint is:
[   47.694405] cloud-init[940]: SHA256:tvWZql6eHgUf7eDRg4n7DfQo1uxOWJoAaQeYvQGj0a8 root@ubuntu-xenial
[   47.694621] cloud-init[940]: The key's randomart image is:
[   47.694836] cloud-init[940]: +---[ECDSA 256]---+
[   47.695050] cloud-init[940]: |  ..o=.          |
[   47.695326] cloud-init[940]: |   o+.oo   . =   |
[   47.695536] cloud-init[940]: |  .  .+o. o B +  |
[   47.695748] cloud-init[940]: |     .oo   O B . |
[   47.695961] cloud-init[940]: |     .  S = X o  |
[   47.696175] cloud-init[940]: |    E  . = @ =   |
[   47.696385] cloud-init[940]: |        . * B .  |
[   47.696598] cloud-init[940]: |         o *     |
[[0;32m  OK  [0m] Reached target Timers.
[   47.701532] cloud-init[940]: |       .oo= .    |
[   47.857721] cloud-init[940]: +----[SHA256]-----+
[   47.858019] cloud-init[940]: Generating public/private ed25519 key pair.
[   47.858377] cloud-init[940]: Your identification has been saved in /etc/ssh/ssh_host_ed25519_key.
[   47.858675] cloud-init[940]: Your public key has been saved in /etc/ssh/ssh_host_ed25519_key.pub.
[   47.859111] cloud-init[940]: The key fingerprint is:
[   47.859436] cloud-init[940]: SHA256:BcYhNw11h0JDK0beLdOMXDfp2MD2wAZGeGoxkeGGoD8 root@ubuntu-xenial
[   47.859788] cloud-init[940]: The key's randomart image is:
[[0;32m  OK  [0m] Listening on UUID daemon activation socket.
[   47.860286] cloud-init[940]: +--[ED25519 256]--+
[   47.930014] cloud-init[940]: |    . ..@&O+o.+. |
[   47.956603] cloud-init[940]: |   . . O**+XOo.. |
[   47.976453] cloud-init[940]: |  .   . *=O++B   |
         Starting LXD - unix socket.
[   47.979494] cloud-init[940]: |   .   ooo o. +  |
[   47.987790] cloud-init[940]: |    E  .S        |
[   47.996198] cloud-init[940]: |     .           |
[[0;32m  OK  [0m] Listening on Socket activation for snappy daemon.[   48.033133] cloud-init[940]: |                 |
[   48.034128] cloud-init[940]: |                 |

[[0;32m  OK  [0m] Listening on LXD - unix socket.
[   48.059506] cloud-init[940]: |                 |
[   48.076120] cloud-init[940]: +----[SHA256]-----+[[0;32m  OK  [0m] Started iSCSI initiator daemon (iscsid).
         Starting Login to default iSCSI targets...
[[0;32m  OK  [0m] Reached target Sockets.
[[0;32m  OK  [0m] Reached target Basic System.
[[0;32m  OK  [0m] Started Deferred execution scheduler.
[[0;32m  OK  [0m] Started ACPI event daemon.
         Starting Accounts Service...
         Starting Pollinate to seed the pseudo random number generator...

         Starting LSB: MD monitoring daemon...
[[0;32m  OK  [0m] Started Regular background program processing daemon.
         Starting /etc/rc.local Compatibility...
         Starting Login Service...
         Starting LSB: Record successful boot for GRUB...
         Starting System Logging Service...
[[0;32m  OK  [0m] Started FUSE filesystem for LXC.
         Starting Virtualbox guest utils...
         Starting LXD - container startup/shutdown...
[[0;32m  OK  [0m] Started D-Bus System Message Bus.
         Starting Snappy daemon...
[[0;32m  OK  [0m] Started System Logging Service.
[[0;32m  OK  [0m] Started /etc/rc.local Compatibility.
[[0;32m  OK  [0m] Started Login Service.
[[0;32m  OK  [0m] Started Unattended Upgrades Shutdown.
         Starting Authenticate and Authorize Users to Run Privileged Tasks...
[[0;32m  OK  [0m] Started Login to default iSCSI targets.
[[0;32m  OK  [0m] Reached target Remote File Systems (Pre).
[[0;32m  OK  [0m] Reached target Remote File Systems.
         Starting Permit User Sessions...
         Starting LSB: daemon to balance interrupts for SMP systems...
         Starting LSB: automatic crash report generation...
         Starting LSB: Set the CPU Frequency Scaling governor to "ondemand"...
[[0;32m  OK  [0m] Started LSB: Record successful boot for GRUB.
[[0;32m  OK  [0m] Started Permit User Sessions.
         Starting Terminate Plymouth Boot Screen...
         Starting Hold until boot process finishes up...
[[0;32m  OK  [0m] Started Hold until boot process finishes up.
[[0;32m  OK  [0m] Started Terminate Plymouth Boot Screen.
[[0;32m  OK  [0m] Started Authenticate and Authorize Users to Run Privileged Tasks.
[[0;32m  OK  [0m] Started Accounts Service.
         Starting Set console scheme...
[[0;32m  OK  [0m] Started Serial Getty on ttyS0.
[[0;32m  OK  [0m] Started Getty on tty1.
[[0;32m  OK  [0m] Reached target Login Prompts.
[[0;32m  OK  [0m] Started LSB: MD monitoring daemon.
[[0;32m  OK  [0m] Started LXD - container startup/shutdown.
[[0;32m  OK  [0m] Started Set console scheme.
[[0;32m  OK  [0m] Started LSB: Set the CPU Frequency Scaling governor to "ondemand".
[[0;32m  OK  [0m] Started Virtualbox guest utils.
[[0;32m  OK  [0m] Started LSB: daemon to balance interrupts for SMP systems.
[[0;32m  OK  [0m] Started LSB: automatic crash report generation.
[[0;32m  OK  [0m] Started Snappy daemon.
         Starting Wait until snapd is fully seeded...
[[0;32m  OK  [0m] Started Pollinate to seed the pseudo random number generator.
         Starting OpenBSD Secure Shell server...
[[0;32m  OK  [0m] Started OpenBSD Secure Shell server.
[[0;32m  OK  [0m] Created slice User Slice of vagrant.
         Starting User Manager for UID 1000...
[[0;32m  OK  [0m] Started Session 1 of user vagrant.

Ubuntu 16.04.6 LTS ubuntu-xenial ttyS0

ubuntu-xenial login: [   66.119893] cloud-init[1375]: Generating locales (this might take a while)...
[   73.717947] cloud-init[1375]:   en_US.UTF-8... done
[   73.732280] cloud-init[1375]: Generation complete.
[   77.864374] cloud-init[1375]: Cloud-init v. 19.1-1-gbaa47854-0ubuntu1~16.04.1 running 'modules:config' at Fri, 23 Aug 2019 16:38:27 +0000. Up 64.77 seconds.
ci-info: no authorized ssh keys fingerprints found for user ubuntu.
<14>Aug 23 16:38:43 ec2: 
<14>Aug 23 16:38:43 ec2: #############################################################
<14>Aug 23 16:38:43 ec2: -----BEGIN SSH HOST KEY FINGERPRINTS-----
<14>Aug 23 16:38:43 ec2: 1024 SHA256:hvAT6OaYgU7erYjwZAdFcF54GBzleB5zxUO4WrFiPME root@ubuntu-xenial (DSA)
<14>Aug 23 16:38:43 ec2: 256 SHA256:tvWZql6eHgUf7eDRg4n7DfQo1uxOWJoAaQeYvQGj0a8 root@ubuntu-xenial (ECDSA)
<14>Aug 23 16:38:43 ec2: 256 SHA256:BcYhNw11h0JDK0beLdOMXDfp2MD2wAZGeGoxkeGGoD8 root@ubuntu-xenial (ED25519)
<14>Aug 23 16:38:43 ec2: 2048 SHA256:QHZZ9jMlr5zum3Ekl28/wpVix48JGbEkFXRk7l46s1s root@ubuntu-xenial (RSA)
<14>Aug 23 16:38:43 ec2: -----END SSH HOST KEY FINGERPRINTS-----
<14>Aug 23 16:38:43 ec2: #############################################################
-----BEGIN SSH HOST KEY KEYS-----
ecdsa-sha2-nistp256 AAAAE2VjZHNhLXNoYTItbmlzdHAyNTYAAAAIbmlzdHAyNTYAAABBBPbKcgbd8VcLST4KKAiASvAEwBMWDSjge8L1FkHyikrNpQHBN7CQOvz/bhecmFvLkz5J/xP1XGRIYBz7PL0cISY= root@ubuntu-xenial
ssh-ed25519 AAAAC3NzaC1lZDI1NTE5AAAAIH4cs2yaoGGTKGdVBkFgnmNDD3z2Ln5TGSxc0e/yrI/L root@ubuntu-xenial
ssh-rsa AAAAB3NzaC1yc2EAAAADAQABAAABAQDEqNLwPxzG+0jIPr8lAeZEl6bqTEVqM2Xo1cVcWJLKFzaQrqZRAJdlQ33scKv3ILvpM9k6/O4OsnMJTmfmoueLWWBcBO/1dJykbK8sHwlllDLauHWhiYOA9kID9Se1Rvp4y/aE/HB+Cs0gkvKw7w6B2XiaBISscTL5PD4uIIkphB9R4dq3V7eg/Ds0RbR11yXAWqEmgcMl7DpY8s2B01Nj+rSlTSSFymAC74Dwj6qiKNfskQQ4UTq/bj0XJkstQG3YjG0kedR2v0tx4DPGeCSuZorRpxKWaVkc6OGNtxVCWvj4101bBtShDInONbKSWaUkc3EsYkjc9zXNY47QTaer root@ubuntu-xenial
-----END SSH HOST KEY KEYS-----
[   81.519181] cloud-init[1563]: Cloud-init v. 19.1-1-gbaa47854-0ubuntu1~16.04.1 running 'modules:final' at Fri, 23 Aug 2019 16:38:43 +0000. Up 80.15 seconds.
[   81.520209] cloud-init[1563]: ci-info: no authorized ssh keys fingerprints found for user ubuntu.
[   81.520793] cloud-init[1563]: Cloud-init v. 19.1-1-gbaa47854-0ubuntu1~16.04.1 finished at Fri, 23 Aug 2019 16:38:44 +0000. Datasource DataSourceNoCloud [seed=/dev/sdb][dsmode=net].  Up 81.36 seconds
