[    0.000000] Initializing cgroup subsys cpuset
[    0.000000] Initializing cgroup subsys cpu
[    0.000000] Initializing cgroup subsys cpuacct
[    0.000000] Linux version 4.4.0-159-generic (buildd@lgw01-amd64-042) (gcc version 5.4.0 20160609 (Ubuntu 5.4.0-6ubuntu1~16.04.10) ) #187-Ubuntu SMP Thu Aug 1 16:28:06 UTC 2019 (Ubuntu 4.4.0-159.187-generic 4.4.185)
[    0.000000] Command line: BOOT_IMAGE=/boot/vmlinuz-4.4.0-159-generic root=LABEL=cloudimg-rootfs ro console=tty1 console=ttyS0
[    0.000000] KERNEL supported cpus:
[    0.000000]   Intel GenuineIntel
[    0.000000]   AMD AuthenticAMD
[    0.000000]   Centaur CentaurHauls
[    0.000000] x86/fpu: Legacy x87 FPU detected.
[    0.000000] e820: BIOS-provided physical RAM map:
[    0.000000] BIOS-e820: [mem 0x0000000000000000-0x000000000009fbff] usable
[    0.000000] BIOS-e820: [mem 0x000000000009fc00-0x000000000009ffff] reserved
[    0.000000] BIOS-e820: [mem 0x00000000000f0000-0x00000000000fffff] reserved
[    0.000000] BIOS-e820: [mem 0x0000000000100000-0x000000002cfeffff] usable
[    0.000000] BIOS-e820: [mem 0x000000002cff0000-0x000000002cffffff] ACPI data
[    0.000000] BIOS-e820: [mem 0x00000000fec00000-0x00000000fec00fff] reserved
[    0.000000] BIOS-e820: [mem 0x00000000fee00000-0x00000000fee00fff] reserved
[    0.000000] BIOS-e820: [mem 0x00000000fffc0000-0x00000000ffffffff] reserved
[    0.000000] NX (Execute Disable) protection: active
[    0.000000] SMBIOS 2.5 present.
[    0.000000] Hypervisor detected: KVM
[    0.000000] e820: last_pfn = 0x2cff0 max_arch_pfn = 0x400000000
[    0.000000] MTRR: Disabled
[    0.000000] x86/PAT: MTRRs disabled, skipping PAT initialization too.
[    0.000000] CPU MTRRs all blank - virtualized system.
[    0.000000] x86/PAT: Configuration [0-7]: WB  WT  UC- UC  WB  WT  UC- UC  
[    0.000000] found SMP MP-table at [mem 0x0009fff0-0x0009ffff] mapped at [ffff88000009fff0]
[    0.000000] Scanning 1 areas for low memory corruption
[    0.000000] RAMDISK: [mem 0x2b961000-0x2c7dcfff]
[    0.000000] ACPI: Early table checksum verification disabled
[    0.000000] ACPI: RSDP 0x00000000000E0000 000024 (v02 VBOX  )
[    0.000000] ACPI: XSDT 0x000000002CFF0030 00003C (v01 VBOX   VBOXXSDT 00000001 ASL  00000061)
[    0.000000] ACPI: FACP 0x000000002CFF00F0 0000F4 (v04 VBOX   VBOXFACP 00000001 ASL  00000061)
[    0.000000] ACPI: DSDT 0x000000002CFF0470 0021FF (v02 VBOX   VBOXBIOS 00000002 INTL 20180105)
[    0.000000] ACPI: FACS 0x000000002CFF0200 000040
[    0.000000] ACPI: FACS 0x000000002CFF0200 000040
[    0.000000] ACPI: APIC 0x000000002CFF0240 000054 (v02 VBOX   VBOXAPIC 00000001 ASL  00000061)
[    0.000000] ACPI: SSDT 0x000000002CFF02A0 0001CC (v01 VBOX   VBOXCPUT 00000002 INTL 20180105)
[    0.000000] No NUMA configuration found
[    0.000000] Faking a node at [mem 0x0000000000000000-0x000000002cfeffff]
[    0.000000] NODE_DATA(0) allocated [mem 0x2cfeb000-0x2cfeffff]
[    0.000000] kvm-clock: Using msrs 4b564d01 and 4b564d00
[    0.000000] kvm-clock: cpu 0, msr 0:2cfe3001, primary cpu clock
[    0.000000] kvm-clock: using sched offset of 7706231948 cycles
[    0.000000] clocksource: kvm-clock: mask: 0xffffffffffffffff max_cycles: 0x1cd42e4dffb, max_idle_ns: 881590591483 ns
[    0.000000] Zone ranges:
[    0.000000]   DMA      [mem 0x0000000000001000-0x0000000000ffffff]
[    0.000000]   DMA32    [mem 0x0000000001000000-0x000000002cfeffff]
[    0.000000]   Normal   empty
[    0.000000]   Device   empty
[    0.000000] Movable zone start for each node
[    0.000000] Early memory node ranges
[    0.000000]   node   0: [mem 0x0000000000001000-0x000000000009efff]
[    0.000000]   node   0: [mem 0x0000000000100000-0x000000002cfeffff]
[    0.000000] Initmem setup node 0 [mem 0x0000000000001000-0x000000002cfeffff]
[    0.000000] ACPI: PM-Timer IO Port: 0x4008
[    0.000000] IOAPIC[0]: apic_id 1, version 32, address 0xfec00000, GSI 0-23
[    0.000000] ACPI: INT_SRC_OVR (bus 0 bus_irq 0 global_irq 2 dfl dfl)
[    0.000000] ACPI: INT_SRC_OVR (bus 0 bus_irq 9 global_irq 9 low level)
[    0.000000] Using ACPI (MADT) for SMP configuration information
[    0.000000] smpboot: Allowing 1 CPUs, 0 hotplug CPUs
[    0.000000] PM: Registered nosave memory: [mem 0x00000000-0x00000fff]
[    0.000000] PM: Registered nosave memory: [mem 0x0009f000-0x0009ffff]
[    0.000000] PM: Registered nosave memory: [mem 0x000a0000-0x000effff]
[    0.000000] PM: Registered nosave memory: [mem 0x000f0000-0x000fffff]
[    0.000000] e820: [mem 0x2d000000-0xfebfffff] available for PCI devices
[    0.000000] Booting paravirtualized kernel on KVM
[    0.000000] clocksource: refined-jiffies: mask: 0xffffffff max_cycles: 0xffffffff, max_idle_ns: 7645519600211568 ns
[    0.000000] setup_percpu: NR_CPUS:512 nr_cpumask_bits:512 nr_cpu_ids:1 nr_node_ids:1
[    0.000000] PERCPU: Embedded 34 pages/cpu @ffff88002cc00000 s99544 r8192 d31528 u2097152
[    0.000000] Built 1 zonelists in Node order, mobility grouping on.  Total pages: 181304
[    0.000000] Policy zone: DMA32
[    0.000000] Kernel command line: BOOT_IMAGE=/boot/vmlinuz-4.4.0-159-generic root=LABEL=cloudimg-rootfs ro console=tty1 console=ttyS0
[    0.000000] PID hash table entries: 4096 (order: 3, 32768 bytes)
[    0.000000] Memory: 690660K/736824K available (8618K kernel code, 1335K rwdata, 4032K rodata, 1488K init, 1284K bss, 46164K reserved, 0K cma-reserved)
[    0.000000] SLUB: HWalign=64, Order=0-3, MinObjects=0, CPUs=1, Nodes=1
[    0.000000] Kernel/User page tables isolation: enabled
[    0.000000] Hierarchical RCU implementation.
[    0.000000] 	Build-time adjustment of leaf fanout to 64.
[    0.000000] 	RCU restricting CPUs from NR_CPUS=512 to nr_cpu_ids=1.
[    0.000000] RCU: Adjusting geometry for rcu_fanout_leaf=64, nr_cpu_ids=1
[    0.000000] NR_IRQS:33024 nr_irqs:256 16
[    0.000000] Console: colour VGA+ 80x25
[    0.000000] console [tty1] enabled
[    0.000000] console [ttyS0] enabled
[    0.000000] tsc: Detected 2992.498 MHz processor
[    0.600484] Calibrating delay loop (skipped) preset value.. 5984.99 BogoMIPS (lpj=11969992)
[    0.603489] pid_max: default: 32768 minimum: 301
[    0.605083] ACPI: Core revision 20150930
[    0.607766] ACPI: 2 ACPI AML tables successfully acquired and loaded
[    0.609992] Security Framework initialized
[    0.611475] Yama: becoming mindful.
[    0.612860] AppArmor: AppArmor initialized
[    0.614452] Dentry cache hash table entries: 131072 (order: 8, 1048576 bytes)
[    0.616948] Inode-cache hash table entries: 65536 (order: 7, 524288 bytes)
[    0.619176] Mount-cache hash table entries: 2048 (order: 2, 16384 bytes)
[    0.672037] Mountpoint-cache hash table entries: 2048 (order: 2, 16384 bytes)
[    0.674602] Initializing cgroup subsys io
[    0.676047] Initializing cgroup subsys memory
[    0.677567] Initializing cgroup subsys devices
[    0.679135] Initializing cgroup subsys freezer
[    0.680671] Initializing cgroup subsys net_cls
[    0.682233] Initializing cgroup subsys perf_event
[    0.683833] Initializing cgroup subsys net_prio
[    0.695427] Initializing cgroup subsys hugetlb
[    0.696959] Initializing cgroup subsys pids
[    0.698536] mce: CPU supports 0 MCE banks
[    0.700047] process: using mwait in idle threads
[    0.701623] Last level iTLB entries: 4KB 128, 2MB 4, 4MB 4
[    0.703425] Last level dTLB entries: 4KB 256, 2MB 0, 4MB 32, 1GB 0
[    0.705345] Spectre V1 : Mitigation: usercopy/swapgs barriers and __user pointer sanitization
[    0.708279] Spectre V2 : Mitigation: Full generic retpoline
[    0.710092] Spectre V2 : Spectre v2 / SpectreRSB mitigation: Filling RSB on context switch
[    0.712930] Speculative Store Bypass: Vulnerable
[    0.715315] MDS: Vulnerable: Clear CPU buffers attempted, no microcode
[    1.395226] Freeing SMP alternatives memory: 36K
[    1.413259] ftrace: allocating 32318 entries in 127 pages
[    1.531448] smpboot: APIC(0) Converting physical 0 to logical package 0
[    1.536499] smpboot: Max logical packages: 1
[    1.538590] x2apic enabled
[    1.540260] Switched APIC routing to physical x2apic.
[    1.544244] ..TIMER: vector=0x30 apic1=0 pin1=2 apic2=-1 pin2=-1
[    1.615770] APIC calibration not consistent with PM-Timer: 200ms instead of 100ms
[    1.618409] APIC delta adjusted to PM-Timer: 6249973 (12500680)
[    1.620338] smpboot: CPU0: Intel(R) Core(TM)2 Duo CPU     E8400  @ 3.00GHz (family: 0x6, model: 0x17, stepping: 0xa)
[    1.623983] Performance Events: unsupported p6 CPU model 23 no PMU driver, software events only.
[    1.819111] KVM setup paravirtual spinlock
[    1.836618] x86: Booted up 1 node, 1 CPUs
[    1.838063] smpboot: Total of 1 processors activated (5984.99 BogoMIPS)
[    1.840579] devtmpfs: initialized
[    1.844285] evm: security.selinux
[    1.855733] evm: security.SMACK64
[    1.857000] evm: security.SMACK64EXEC
[    1.858362] evm: security.SMACK64TRANSMUTE
[    1.859812] evm: security.SMACK64MMAP
[    1.916951] evm: security.ima
[    1.918142] evm: security.capability
[    1.919635] clocksource: jiffies: mask: 0xffffffff max_cycles: 0xffffffff, max_idle_ns: 7645041785100000 ns
[    1.946511] futex hash table entries: 256 (order: 2, 16384 bytes)
[    1.948543] pinctrl core: initialized pinctrl subsystem
[    1.950429] RTC time: 16:31:36, date: 08/23/19
[    1.952250] NET: Registered protocol family 16
[    1.954054] cpuidle: using governor ladder
[    1.965525] cpuidle: using governor menu
[    2.017679] PCCT header not found.
[    2.019017] ACPI: bus type PCI registered
[    2.020459] acpiphp: ACPI Hot Plug PCI Controller Driver version: 0.5
[    2.022568] PCI: Using configuration type 1 for base access
[    2.025889] ACPI: Added _OSI(Module Device)
[    2.027384] ACPI: Added _OSI(Processor Device)
[    2.028910] ACPI: Added _OSI(3.0 _SCP Extensions)
[    2.030521] ACPI: Added _OSI(Processor Aggregator Device)
[    2.033013] ACPI: Executed 1 blocks of module-level executable AML code
[    2.037560] ACPI: Interpreter enabled
[    2.038921] ACPI: (supports S0 S5)
[    2.040230] ACPI: Using IOAPIC for interrupt routing
[    2.042055] PCI: Using host bridge windows from ACPI; if necessary, use "pci=nocrs" and report a bug
[    2.049570] ACPI: PCI Root Bridge [PCI0] (domain 0000 [bus 00-ff])
[    2.051495] acpi PNP0A03:00: _OSC: OS supports [ASPM ClockPM Segments MSI]
[    2.053601] acpi PNP0A03:00: _OSC: not requesting OS control; OS requires [ExtendedConfig ASPM ClockPM MSI]
[    2.066777] acpi PNP0A03:00: fail to add MMCONFIG information, can't access extended PCI configuration space under this bridge.
[    2.121467] PCI host bridge to bus 0000:00
[    2.122920] pci_bus 0000:00: root bus resource [io  0x0000-0x0cf7 window]
[    2.124991] pci_bus 0000:00: root bus resource [io  0x0d00-0xffff window]
[    2.127055] pci_bus 0000:00: root bus resource [mem 0x000a0000-0x000bffff window]
[    2.129712] pci_bus 0000:00: root bus resource [mem 0x2d000000-0xfdffffff window]
[    2.132387] pci_bus 0000:00: root bus resource [bus 00-ff]
[    2.136542] pci 0000:00:01.1: legacy IDE quirk: reg 0x10: [io  0x01f0-0x01f7]
[    2.138694] pci 0000:00:01.1: legacy IDE quirk: reg 0x14: [io  0x03f6]
[    2.140707] pci 0000:00:01.1: legacy IDE quirk: reg 0x18: [io  0x0170-0x0177]
[    2.142838] pci 0000:00:01.1: legacy IDE quirk: reg 0x1c: [io  0x0376]
[    2.164782] pci 0000:00:07.0: quirk: [io  0x4000-0x403f] claimed by PIIX4 ACPI
[    2.222819] pci 0000:00:07.0: quirk: [io  0x4100-0x410f] claimed by PIIX4 SMB
[    2.231704] ACPI: PCI Interrupt Link [LNKA] (IRQs 5 9 10 *11)
[    2.255806] ACPI: PCI Interrupt Link [LNKB] (IRQs 5 9 *10 11)
[    2.258316] ACPI: PCI Interrupt Link [LNKC] (IRQs 5 *9 10 11)
[    2.260842] ACPI: PCI Interrupt Link [LNKD] (IRQs 5 9 10 *11)
[    2.263438] ACPI: Enabled 2 GPEs in block 00 to 07
[    2.266062] vgaarb: setting as boot device: PCI:0000:00:02.0
[    2.267889] vgaarb: device added: PCI:0000:00:02.0,decodes=io+mem,owns=io+mem,locks=none
[    2.321489] vgaarb: loaded
[    2.325590] vgaarb: bridge control possible 0000:00:02.0
[    2.328005] SCSI subsystem initialized
[    2.347516] ACPI: bus type USB registered
[    2.355961] usbcore: registered new interface driver usbfs
[    2.362372] usbcore: registered new interface driver hub
[    2.426332] usbcore: registered new device driver usb
[    2.436014] PCI: Using ACPI for IRQ routing
[    2.438204] NetLabel: Initializing
[    2.439508] NetLabel:  domain hash size = 128
[    2.441041] NetLabel:  protocols = UNLABELED CIPSOv4
[    2.442722] NetLabel:  unlabeled traffic allowed by default
[    2.444898] amd_nb: Cannot enumerate AMD northbridges
[    2.446689] clocksource: Switched to clocksource kvm-clock
[    2.460231] AppArmor: AppArmor Filesystem Enabled
[    2.531838] pnp: PnP ACPI init
[    2.535141] pnp: PnP ACPI: found 3 devices
[    2.544304] clocksource: acpi_pm: mask: 0xffffff max_cycles: 0xffffff, max_idle_ns: 2085701024 ns
[    2.557586] NET: Registered protocol family 2
[    2.559705] TCP established hash table entries: 8192 (order: 4, 65536 bytes)
[    2.562010] TCP bind hash table entries: 8192 (order: 5, 131072 bytes)
[    2.564199] TCP: Hash tables configured (established 8192 bind 8192)
[    2.566319] UDP hash table entries: 512 (order: 2, 16384 bytes)
[    2.568351] UDP-Lite hash table entries: 512 (order: 2, 16384 bytes)
[    2.570498] NET: Registered protocol family 1
[    2.572161] pci 0000:00:00.0: Limiting direct PCI/PCI transfers
[    2.574175] pci 0000:00:01.0: Activating ISA DMA hang workarounds
[    2.576492] Unpacking initramfs...
[    3.096282] Freeing initrd memory: 14832K
[    3.166208] clocksource: tsc: mask: 0xffffffffffffffff max_cycles: 0x2b2296bc2b9, max_idle_ns: 440795321505 ns
[    3.169726] platform rtc_cmos: registered platform RTC device (no PNP device found)
[    3.252048] Scanning for low memory corruption every 60 seconds
[    3.254407] audit: initializing netlink subsys (disabled)
[    3.256331] audit: type=2000 audit(1566577905.776:1): initialized
[    3.258718] Initialise system trusted keyring
[    3.260506] HugeTLB registered 2 MB page size, pre-allocated 0 pages
[    3.264240] zbud: loaded
[    3.265754] VFS: Disk quotas dquot_6.6.0
[    3.267281] VFS: Dquot-cache hash table entries: 512 (order 0, 4096 bytes)
[    3.269824] squashfs: version 4.0 (2009/01/31) Phillip Lougher
[    3.272942] fuse init (API version 7.23)
[    3.274632] Key type big_key registered
[    3.276147] Allocating IMA MOK and blacklist keyrings.
[    3.278397] Key type asymmetric registered
[    3.279964] Asymmetric key parser 'x509' registered
[    3.281705] Block layer SCSI generic (bsg) driver version 0.4 loaded (major 249)
[    3.284565] io scheduler noop registered
[    3.286041] io scheduler deadline registered (default)
[    3.287914] io scheduler cfq registered
[    3.289518] pci_hotplug: PCI Hot Plug PCI Core version: 0.5
[    3.291383] pciehp: PCI Express Hot Plug Controller Driver version: 0.4
[    3.293722] ACPI: AC Adapter [AC] (on-line)
[    3.295372] input: Power Button as /devices/LNXSYSTM:00/LNXPWRBN:00/input/input0
[    3.298176] ACPI: Power Button [PWRF]
[    3.299713] input: Sleep Button as /devices/LNXSYSTM:00/LNXSLPBN:00/input/input1
[    3.302464] ACPI: Sleep Button [SLPF]
[    3.354888] GHES: HEST is not enabled!
[    3.356398] Serial: 8250/16550 driver, 32 ports, IRQ sharing enabled
[    3.381732] 00:02: ttyS0 at I/O 0x3f8 (irq = 4, base_baud = 115200) is a 16550A
[    3.468014] Linux agpgart interface v0.103
[    3.471789] loop: module loaded
[    3.486155] scsi host0: ata_piix
[    3.487582] scsi host1: ata_piix
[    3.488918] ata1: PATA max UDMA/33 cmd 0x1f0 ctl 0x3f6 bmdma 0xd000 irq 14
[    3.491043] ata2: PATA max UDMA/33 cmd 0x170 ctl 0x376 bmdma 0xd008 irq 15
[    3.494149] libphy: Fixed MDIO Bus: probed
[    3.504405] tun: Universal TUN/TAP device driver, 1.6
[    3.556546] tun: (C) 1999-2004 Max Krasnyansky <maxk@qualcomm.com>
[    3.558604] PPP generic driver version 2.4.2
[    3.560284] ehci_hcd: USB 2.0 'Enhanced' Host Controller (EHCI) Driver
[    3.562338] ehci-pci: EHCI PCI platform driver
[    3.563959] ehci-platform: EHCI generic platform driver
[    3.575770] ohci_hcd: USB 1.1 'Open' Host Controller (OHCI) Driver
[    3.577750] ohci-pci: OHCI PCI platform driver
[    3.579370] ohci-platform: OHCI generic platform driver
[    3.581125] uhci_hcd: USB Universal Host Controller Interface driver
[    3.583264] i8042: PNP: PS/2 Controller [PNP0303:PS2K,PNP0f03:PS2M] at 0x60,0x64 irq 1,12
[    3.596956] serio: i8042 KBD port at 0x60,0x64 irq 1
[    3.598691] serio: i8042 AUX port at 0x60,0x64 irq 12
[    3.600556] mousedev: PS/2 mouse device common for all mice
[    3.602938] input: AT Translated Set 2 keyboard as /devices/platform/i8042/serio0/input/input2
[    3.657036] rtc_cmos rtc_cmos: rtc core: registered rtc_cmos as rtc0
[    3.659139] rtc_cmos rtc_cmos: alarms up to one day, 114 bytes nvram
[    3.661095] i2c /dev entries driver
[    3.662470] device-mapper: uevent: version 1.0.3
[    3.664151] device-mapper: ioctl: 4.34.0-ioctl (2015-10-28) initialised: dm-devel@redhat.com
[    3.696709] ledtrig-cpu: registered to indicate activity on CPUs
[    3.698985] NET: Registered protocol family 10
[    3.700902] NET: Registered protocol family 17
[    3.756426] Key type dns_resolver registered
[    3.758184] registered taskstats version 1
[    3.759710] Loading compiled-in X.509 certificates
[    3.762259] Loaded X.509 cert 'Build time autogenerated kernel key: d14182f9795b80ec340f636a5a08bf5817ccd8e7'
[    3.765518] zswap: loaded using pool lzo/zbud
[    3.779409] Key type trusted registered
[    3.804738] Key type encrypted registered
[    3.806193] AppArmor: AppArmor sha1 policy hashing enabled
[    3.863814] ima: No TPM chip found, activating TPM-bypass!
[    3.865603] ima: Allocated hash algorithm: sha1
[    3.867205] evm: HMAC attrs: 0x1
[    3.868792]   Magic number: 15:914:540
[    3.870221]  node: hash matches
[    3.871545] rtc_cmos rtc_cmos: setting system clock to 2019-08-23 16:31:38 UTC (1566577898)
[    3.874474] BIOS EDD facility v0.16 2004-Jun-25, 0 devices found
[    3.876387] EDD information not available.
[    3.882787] Freeing unused kernel memory: 1488K
[    3.894712] Write protecting the kernel read-only data: 14336k
[    3.908943] Freeing unused kernel memory: 1608K
[    3.910786] Freeing unused kernel memory: 64K
Loading, please wait...
starting version 229
[    4.180828] random: systemd-udevd: uninitialized urandom read (16 bytes read, 3 bits of entropy available)
[    4.195434] random: systemd-udevd: uninitialized urandom read (16 bytes read, 3 bits of entropy available)
[    4.198845] random: systemd-udevd: uninitialized urandom read (16 bytes read, 3 bits of entropy available)
[    4.202234] random: systemd-udevd: uninitialized urandom read (16 bytes read, 3 bits of entropy available)
[    4.206003] random: udevadm: uninitialized urandom read (16 bytes read, 3 bits of entropy available)
[    4.209320] random: udevadm: uninitialized urandom read (16 bytes read, 3 bits of entropy available)
[    4.311228] random: systemd-udevd: uninitialized urandom read (16 bytes read, 3 bits of entropy available)
[    4.375206] random: systemd-udevd: uninitialized urandom read (16 bytes read, 3 bits of entropy available)
[    4.378419] random: systemd-udevd: uninitialized urandom read (16 bytes read, 3 bits of entropy available)
[    4.383505] random: systemd-udevd: uninitialized urandom read (16 bytes read, 3 bits of entropy available)
[    5.117280] Fusion MPT base driver 3.04.20
[    5.136026] Copyright (c) 1999-2008 LSI Corporation
[    5.635327] e1000: Intel(R) PRO/1000 Network Driver - version 7.3.21-k8-NAPI
[    5.640116] e1000: Copyright (c) 1999-2006 Intel Corporation.
[    5.736228] Fusion MPT SPI Host driver 3.04.20
[    5.873668] input: ImExPS/2 Generic Explorer Mouse as /devices/platform/i8042/serio1/input/input4
[    6.519340] e1000 0000:00:03.0 eth0: (PCI:33MHz:32-bit) 02:6a:5b:40:72:6f
[    6.556614] e1000 0000:00:03.0 eth0: Intel(R) PRO/1000 Network Connection
[    6.563312] e1000 0000:00:03.0 enp0s3: renamed from eth0
[    6.568527] mptbase: ioc0: Initiating bringup
[    6.631318] ioc0: LSI53C1030 A0: Capabilities={Initiator}
[    6.796129] scsi host2: ioc0: LSI53C1030 A0, FwRev=00000000h, Ports=1, MaxQ=256, IRQ=20
[    6.907733] scsi 2:0:0:0: Direct-Access     VBOX     HARDDISK         1.0  PQ: 0 ANSI: 5
[    6.923423] scsi target2:0:0: Beginning Domain Validation
[    6.926127] scsi target2:0:0: Domain Validation skipping write tests
[    6.928103] scsi target2:0:0: Ending Domain Validation
[    6.929904] scsi target2:0:0: asynchronous
[    6.931836] scsi 2:0:1:0: Direct-Access     VBOX     HARDDISK         1.0  PQ: 0 ANSI: 5
[    6.934675] scsi target2:0:1: Beginning Domain Validation
[    6.937495] scsi target2:0:1: Domain Validation skipping write tests
[    6.939465] scsi target2:0:1: Ending Domain Validation
[    6.941236] scsi target2:0:1: asynchronous
[    6.947932] sd 2:0:0:0: Attached scsi generic sg0 type 0
[    6.949700] sd 2:0:0:0: [sda] 20971520 512-byte logical blocks: (10.7 GB/10.0 GiB)
[    6.954444] sd 2:0:1:0: Attached scsi generic sg1 type 0
[    6.961919] sd 2:0:0:0: [sda] Write Protect is off
[    6.963958] sd 2:0:0:0: [sda] Incomplete mode parameter data
[    6.987160] sd 2:0:0:0: [sda] Assuming drive cache: write through
[    6.989151] sd 2:0:1:0: [sdb] 20480 512-byte logical blocks: (10.5 MB/10.0 MiB)
[    6.992620] sd 2:0:1:0: [sdb] Write Protect is off
[    6.994536] sd 2:0:1:0: [sdb] Incomplete mode parameter data
[    6.996398] sd 2:0:1:0: [sdb] Assuming drive cache: write through
[    7.012448]  sda: sda1
[    7.014866] sd 2:0:0:0: [sda] Attached SCSI disk
[    7.034566] sd 2:0:1:0: [sdb] Attached SCSI disk
Begin: Loading essential drivers ... [   10.560298] md: linear personality registered for level -1
[   10.621304] md: multipath personality registered for level -4
[   10.674845] md: raid0 personality registered for level 0
[   10.754704] md: raid1 personality registered for level 1
[   10.899856] raid6: sse2x1   gen()  2843 MB/s
[   11.000098] raid6: sse2x1   xor()  1560 MB/s
[   11.105120] raid6: sse2x2   gen()  5955 MB/s
[   11.205041] raid6: sse2x2   xor()  4765 MB/s
[   11.310327] raid6: sse2x4   gen()  5475 MB/s
[   11.415144] raid6: sse2x4   xor()  4490 MB/s
[   11.425964] raid6: using algorithm sse2x2 gen() 5955 MB/s
[   11.427750] raid6: .... xor() 4765 MB/s, rmw enabled
[   11.429423] raid6: using ssse3x2 recovery algorithm
[   11.451983] xor: measuring software checksum speed
[   11.644491]    prefetch64-sse: 30024.000 MB/sec
[   11.830070]    generic_sse: 26697.000 MB/sec
[   11.831653] xor: using function: prefetch64-sse (30024.000 MB/sec)
[   11.843848] async_tx: api initialized (async)
[   11.942340] md: raid6 personality registered for level 6
[   11.946174] md: raid5 personality registered for level 5
[   11.947918] md: raid4 personality registered for level 4
[   12.082007] md: raid10 personality registered for level 10
done.
Begin: Running /scripts/init-premount ... done.
Begin: Mounting root file system ... Begin: Running /scripts/local-top ... done.
Begin: Running /scripts/local-premount ... [   12.474883] Btrfs loaded
Scanning for Btrfs filesystems
done.
Warning: fsck not present, so skipping root file system
[   12.823354] EXT4-fs (sda1): mounted filesystem with ordered data mode. Opts: (null)
done.
Begin: Running /scripts/local-bottom ... done.
Begin: Running /scripts/init-bottom ... done.
[   13.811501] systemd[1]: systemd 229 running in system mode. (+PAM +AUDIT +SELINUX +IMA +APPARMOR +SMACK +SYSVINIT +UTMP +LIBCRYPTSETUP +GCRYPT +GNUTLS +ACL +XZ -LZ4 +SECCOMP +BLKID +ELFUTILS +KMOD -IDN)
[   13.820257] systemd[1]: Detected virtualization oracle.
[   13.821997] systemd[1]: Detected architecture x86-64.

Welcome to [1mUbuntu 16.04.6 LTS[0m!

[   13.842061] systemd[1]: Set hostname to <ubuntu>.
[   13.860707] systemd[1]: Initializing machine ID from random generator.
[   13.862873] systemd[1]: Installed transient /etc/machine-id file.
[   13.953936] random: nonblocking pool is initialized
[   15.116177] systemd[1]: Listening on Device-mapper event daemon FIFOs.
[[0;32m  OK  [0m] Listening on Device-mapper event daemon FIFOs.
[   15.160771] systemd[1]: Created slice User and Session Slice.
[[0;32m  OK  [0m] Created slice User and Session Slice.
[   15.164696] systemd[1]: Listening on udev Kernel Socket.
[[0;32m  OK  [0m] Listening on udev Kernel Socket.
[   15.168629] systemd[1]: Listening on Journal Socket (/dev/log).
[[0;32m  OK  [0m] Listening on Journal Socket (/dev/log).
[   15.189632] systemd[1]: Listening on LVM2 poll daemon socket.
[[0;32m  OK  [0m] Listening on LVM2 poll daemon socket.
[   15.194345] systemd[1]: Created slice System Slice.
[[0;32m  OK  [0m] Created slice System Slice.
[   15.202508] systemd[1]: Started Trigger resolvconf update for networkd DNS.
[[0;32m  OK  [0m] Started Trigger resolvconf update for networkd DNS.
[   15.206906] systemd[1]: Reached target User and Group Name Lookups.
[[0;32m  OK  [0m] Reached target User and Group Name Lookups.
[   15.212172] systemd[1]: Listening on Journal Socket.
[[0;32m  OK  [0m] Listening on Journal Socket.
[   15.219435] systemd[1]: Mounting Huge Pages File System...
         Mounting Huge Pages File System...
[   15.266837] systemd[1]: Starting Nameserver information manager...
         Starting Nameserver information manager...
[   15.286597] systemd[1]: Starting Uncomplicated firewall...
         Starting Uncomplicated firewall...
[   15.388893] systemd[1]: Starting Set console keymap...
         Starting Set console keymap...
[   15.529195] systemd[1]: Starting Load Kernel Modules...
         Starting Load Kernel Modules...
[   15.599815] systemd[1]: Mounting Debug File System...
         Mounting Debug File System...
[   15.785697] systemd[1]: Listening on udev Control Socket.
[[0;32m  OK  [0[   15.796195] Loading iSCSI transport class v2.0-870.
m] Listening on udev Control Socket.
[   15.883167] systemd[1]: Listening on /dev/initctl Compatibility Named Pipe.
[[0;32m  OK  [0m] Listening on /dev/initctl Compatibility Named Pipe.
[   15.895881] systemd[1]: Set up automount Arbitrary Executable File Formats File System Automount Point.
[[0;32m  OK  [0m] Set up automount Arbitrary Executab...ats File System Automount Point.
[   15.908340] systemd[1]: Starting Remount Root and Kernel File Systems...
         [   16.086094] EXT4-fs (sda1): re-mounted. Opts: (null)
Starting Remount Root and Kernel File Systems...
[   16.111901] systemd[1]: Mounting POSIX Message Queue File System...
         Mounting POSIX Message Queue File System...
[   16.130674] systemd[1]: Listening on LVM2 metadata daemon socket.
[[0;32m  OK  [0m] Listening on LVM2 metadata daemon socket.
[   16.201625] systemd[1]: Starting Monitoring of LVM2 mirrors, snapshots etc. using dmeventd or progress polling...
         Starting Monitoring of LVM2 mirrors... dmeventd or progress polling...
[   16.225977] systemd[1]: Reached target Encrypted Volumes.
[[0;32m  OK  [0m] Reached target Encrypted Volumes.
[   16.329076] iscsi: registered transport (tcp)
[   16.437163] systemd[1]: Starting Create list of required static device nodes for the current kernel...
         Starting Create list of required st... nodes for the current kernel...
[   16.702793] systemd[1]: Created slice system-serial\x2dgetty.slice.
[[0;32m  OK  [0m] Created slice system-serial\x2dgetty.slice.
[   16.806077] systemd[1]: Started Forward Password Requests to Wall Directory Watch.
[[0;32m  OK  [0m] Started Forward Password Requests to Wall Directory Watch.
[   16.817180] systemd[1]: Listening on Syslog Socket.
[[0;32m  OK  [0m] Listening on Syslog Socket.
[   16.824904] systemd[1]: Listening on Journal Audit Socket.
[[0;32m  OK  [0m] Listening on Journal Audit Socket.
[   16.842443] systemd[1]: Reached target Swap.
[[0;32m  OK  [0m] Reached target Swap.
[   16.855185] systemd[1]: Reached target System Time Synchronized.
[[0;32m  OK  [0m] Reached target System Time Synchronized.
[   16.940715] iscsi: registered transport (iser)
[   16.960293] systemd[1]: Starting Journal Service...
         Starting Journal Service...
[   17.020525] systemd[1]: Reached target Slices.
[[0;32m  OK  [0m] Reached target Slices.
[   17.039957] systemd[1]: Mounted Huge Pages File System.
[[0;32m  OK  [0m] Mounted Huge Pages File System.
[   17.056543] systemd[1]: Mounted POSIX Message Queue File System.
[[0;32m  OK  [0m] Mounted POSIX Message Queue File System.
[   17.130832] systemd[1]: Mounted Debug File System.
[[0;32m  OK  [0m] Mounted Debug File System.
[   17.157371] systemd[1]: Started Uncomplicated firewall.
[[0;32m  OK  [0m] Started Uncomplicated firewall.
[   17.322159] systemd[1]: Started Set console keymap.
[[0;32m  OK  [0m] Started Set console keymap.
[   17.346121] systemd[1]: Started Load Kernel Modules.
[[0;32m  OK  [0m] Started Load Kernel Modules.
[   17.360521] systemd[1]: Started Remount Root and Kernel File Systems.
[[0;32m  OK  [0m] Started Remount Root and Kernel File Systems.
[   17.367434] systemd[1]: Started Create list of required static device nodes for the current kernel.
[[0;32m  OK  [0m] Started Create list of required sta...ce nodes for the current kernel.
[   17.426926] systemd[1]: Started Nameserver information manager.
[[0;32m  OK  [0m] Started Nameserver information manager.
[   17.535801] systemd[1]: Started Journal Service.
[[0;32m  OK  [0m] Started Journal Service.
[[0;32m  OK  [0m] Started LVM2 metadata daemon.
         Starting Create Static Device Nodes in /dev...
         Starting Load/Save Random Seed...
         Starting Flush Journal to Persistent Storage...
         Starting udev Coldplug all Devices...
         Mounting FUSE Control File System...
         Starting Apply Kernel Variables...
[[0;32m  OK  [0m] Mounted FUSE Control File System.
[[0;32m  OK  [0m] Started Load/Save Random Seed.
[[0;32m  OK  [0m] Started Create Static Device Nodes in /dev.
[[0;32m  OK  [0m] Started Apply Kernel Variables.
[[0;32m  OK  [0m] Started Monitoring of LVM2 mirrors,...ng dmeventd or progress polling.
[[0;32m  OK  [0m] Reached target Local File Systems (Pre).
[[0;32m  OK  [0m] Reached target Local File Systems.
         Starting Commit a transient machine-id on disk...
         Starting Tell Plymouth To Write Out Runtime Data...
         Starting LSB: AppArmor initialization...
         Starting Initial cloud-init job (pre-networking)...
         Starting Set console font and keymap...
         Starting udev Kernel Device Manager...
[[0;32m  OK  [0m] Started Flush Journal to Persistent Storage.
[[0;32m  OK  [0m] Started Commit a transient machine-id on disk.
[[0;32m  OK  [0m] Started Tell Plymouth To Write Out Runtime Data.
         Starting Create Volatile Files and Directories...
[[0;32m  OK  [0m] Started udev Coldplug all Devices.
[[0;32m  OK  [0m] Started Create Volatile Files and Directories.
         Starting Update UTMP about System Boot/Shutdown...
[[0;32m  OK  [0m] Started Update UTMP about System Boot/Shutdown.
[[0;32m  OK  [0m] Started udev Kernel Device Manager.
[[0;32m  OK  [0m] Started Dispatch Password Requests to Console Directory Watch.
[[0;32m  OK  [0m] Found device /dev/ttyS0.
[[0;32m  OK  [0m] Listening on Load/Save RF Kill Switch Status /dev/rfkill Watch.
[[0;32m  OK  [0m] Started LSB: AppArmor initialization.
[   32.330766] cloud-init[467]: Cloud-init v. 19.1-1-gbaa47854-0ubuntu1~16.04.1 running 'init-local' at Fri, 23 Aug 2019 16:32:04 +0000. Up 28.04 seconds.
[[0;32m  OK  [0m] Started Initial cloud-init job (pre-networking).
[[0;32m  OK  [0m] Reached target Network (Pre).
         Starting Raise network interfaces...
[[0;32m  OK  [0m] Started Set console font and keymap.
[[0;32m  OK  [0m] Created slice system-getty.slice.
[[0;32m  OK  [0m] Started Raise network interfaces.
         Starting Initial cloud-init job (metadata service crawler)...
[[0;32m  OK  [0m] Reached target Network.
[   45.885880] cloud-init[943]: Cloud-init v. 19.1-1-gbaa47854-0ubuntu1~16.04.1 running 'init' at Fri, 23 Aug 2019 16:32:17 +0000. Up 41.45 seconds.
[   45.892223] cloud-init[943]: ci-info: ++++++++++++++++++++++++++++++++++++++Net device info++++++++++++++++++++++++++++++++++++++
[   45.996534] cloud-init[943]: ci-info: +--------+------+----------------------------+---------------+--------+-------------------+
[   46.070358] cloud-init[943]: ci-info: | Device |  Up  |          Address           |      Mask     | Scope  |     Hw-Address    |
[   46.095279] cloud-init[943]: ci-info: +--------+------+----------------------------+---------------+--------+-------------------+
[   46.105355] cloud-init[943]: ci-info: | enp0s3 | True |         10.0.2.15          | 255.255.255.0 | global | 02:6a:5b:40:72:6f |
[   46.125332] cloud-init[943]: ci-info: | enp0s3 | True | fe80::6a:5bff:fe40:726f/64 |       .       |  link  | 02:6a:5b:40:72:6f |
[   46.217429] cloud-init[943]: ci-info: |   lo   | True |         127.0.0.1          |   255.0.0.0   |  host  |         .         |
[   46.300833] cloud-init[943]: ci-info: |   lo   | True |          ::1/128           |       .       |  host  |         .         |
[[0;32m  OK  [0m] Started Initial cloud-init job (metadata service crawler).
[[0;32m  OK  [0m] [   46.309085] cloud-init[943]: ci-info: +--------+------+----------------------------+---------------+--------+-------------------+
[   46.310043] cloud-init[943]: ci-info: +++++++++++++++++++++++++++Route IPv4 info++++++++++++++++++++++++++++
[   46.310528] cloud-init[943]: ci-info: +-------+-------------+----------+---------------+-----------+-------+
[   46.311250] cloud-init[943]: ci-info: | Route | Destination | Gateway  |    Genmask    | Interface | Flags |
[   46.311922] cloud-init[943]: ci-info: +-------+-------------+----------+---------------+-----------+-------+
Reached target System Initialization.
[   46.314509] cloud-init[943]: ci-info: |   0   |   0.0.0.0   | 10.0.2.2 |    0.0.0.0    |   enp0s3  |   UG  |
[   46.332286] cloud-init[943]: ci-info: |   1   |   10.0.2.0  | 0.0.0.0  | 255.255.255.0 |   enp0s3  |   U   |
[   46.342912] cloud-init[943]: ci-info: +-------+-------------+----------+---------------+-----------+-------+
[   46.408550] cloud-init[943]: ci-info: +++++++++++++++++++Route IPv6 info+++++++++++++++++++
         Starting LXD - unix socket.[   46.412323] cloud-init[943]: ci-info: +-------+-------------+---------+-----------+-------+
[   46.414757] cloud-init[943]: ci-info: | Route | Destination | Gateway | Interface | Flags |
[   46.415474] cloud-init[943]: ci-info: +-------+-------------+---------+-----------+-------+

[   46.416512] cloud-init[943]: ci-info: |   0   |  fe80::/64  |    ::   |   enp0s3  |   U   |[[0;32m  OK  [0m] Listening on D-Bus System Message Bus Socket.

[   46.448629] cloud-init[943]: ci-info: |   4   |   ff00::/8  |    ::   |   enp0s3  |   U   |
[   46.457517] cloud-init[943]: ci-info: +-------+-------------+---------+-----------+-------+
[   46.458101] cloud-init[943]: Generating public/private rsa key pair.
[   46.458321] cloud-init[943]: Your identification has been saved in /etc/ssh/ssh_host_rsa_key.
[   46.458577] cloud-init[943]: Your public key has been saved in /etc/ssh/ssh_host_rsa_key.pub.
[   46.458799] cloud-init[943]: The key fingerprint is:
[   46.459026] cloud-init[943]: SHA256:8zaBWyZAonKCJB2ULeNhX/7YDgYokeZT6FcR+sAapLw root@ubuntu-xenial
[   46.459272] cloud-init[943]: The key's randomart image is:
[   46.459611] cloud-init[943]: +---[RSA 2048]----+
[   46.459893] cloud-init[943]: |.*++.o+          |
[   46.460120] cloud-init[943]: |XoOoo+.          |
[   46.460376] cloud-init[943]: |O*+X.o.          |
[   46.460591] cloud-init[943]: |.B*.= .. .       |
[   46.460830] cloud-init[943]: | Eo  o +S +      |
[   46.461079] cloud-init[943]: |      + oB .     |
[   46.461287] cloud-init[943]: |     . o. +      |
[   46.461503] cloud-init[943]: |        .. .     |
[   46.461722] cloud-init[943]: |                 |
[   46.461973] cloud-init[943]: +----[SHA256]-----+
[   46.462198] cloud-init[943]: Generating public/private dsa key pair.
[   46.462426] cloud-init[943]: Your identification has been saved in /etc/ssh/ssh_host_dsa_key.
[   46.462645] cloud-init[943]: Your public key has been saved in /etc/ssh/ssh_host_dsa_key.pub.
[   46.462869] cloud-init[943]: The key fingerprint is:
[   46.463077] cloud-init[943]: SHA256:nhF7j1AkF2b+ZYCU2sfxQbOKO0Krfr/Pfg88gZLjRGs root@ubuntu-xenial
[   46.463301] cloud-init[943]: The key's randomart image is:
[   46.463514] cloud-init[943]: +---[DSA 1024]----+
[   46.463732] cloud-init[943]: |        ..B+..o  |
         Starting Socket activation for snappy daemon.
[[0;32m  OK  [0m[   46.466608] cloud-init[943]: |         Bo ...o |
[   46.725284] cloud-init[943]: |        .o+. o+. |
[   46.725610] cloud-init[943]: |        .=.=o=.  |
[   46.725820] cloud-init[943]: |        S E.+ .  |
[   46.728549] cloud-init[943]: |       o X * . . |
[   46.728767] cloud-init[943]: |        = = . +  |
[   46.728977] cloud-init[943]: |       ... o  .o |
] Listening on UUID daemon activation socket.
[   46.734506] cloud-init[943]: |     .o. .o++. ..|
[   46.813383] cloud-init[943]: +----[SHA256]-----+
[[0;32m  OK  [0m[   46.819181] cloud-init[943]: Generating public/private ecdsa key pair.
[   46.822000] cloud-init[943]: Your identification has been saved in /etc/ssh/ssh_host_ecdsa_key.] Started ACPI Events Check.
[[0;32m  OK  [0m] Reached target Paths.
[[0;32m  OK  [0m] Started Daily apt download activities.
[[0;32m  OK  [0m] Started Daily apt upgrade and clean activities.
[[0;32m  OK  [0m] Listening on ACPID Listen Socket.
[[0;32m  OK  [0m] Started Daily Cleanup of Temporary Directories.
[[0;32m  OK  [0m] Reached target Timers.
[[0;32m  OK  [0m] Reached target Cloud-config availability.
[[0;32m  OK  [0m] Reached target Network is Online.

         Starting iSCSI initiator daemon (iscsid)...
[[0;32m  OK  [0m] Listening on LXD - unix socket.[   46.928513] cloud-init[943]: Your public key has been saved in /etc/ssh/ssh_host_ecdsa_key.pub.
[   46.961222] cloud-init[943]: The key fingerprint is:
[   46.961444] cloud-init[943]: SHA256:zBYuXt+aZrccWWkhr0bUNRDWZYbPgfYvtMP4fqmL0Vs root@ubuntu-xenial
[   46.961661] cloud-init[943]: The key's randomart image is:
[   46.961874] cloud-init[943]: +---[ECDSA 256]---+
[   46.962085] cloud-init[943]: |             +=o*|
[   46.962297] cloud-init[943]: |            .+.*.|
[   46.962507] cloud-init[943]: |        .   + +o.|
[   46.962770] cloud-init[943]: |       + . . o.+o|
[   46.962979] cloud-init[943]: |      . S   .+=..|
[   46.963187] cloud-init[943]: |     . + . oo== .|
[   46.963403] cloud-init[943]: |      .   ..*o E.|
[   46.963619] cloud-init[943]: |          o=+.+..|
[   46.964159] cloud-init[943]: |         oooo*+. |
[   46.964505] cloud-init[943]: +----[SHA256]-----+
[   46.964713] cloud-init[943]: Generating public/private ed25519 key pair.
[   46.964937] cloud-init[943]: Your identification has been saved in /etc/ssh/ssh_host_ed25519_key.
[   46.965147] cloud-init[943]: Your public key has been saved in /etc/ssh/ssh_host_ed25519_key.pub.
[   46.965367] cloud-init[943]: The key fingerprint is:
[   46.966435] cloud-init[943]: SHA256:Ztu2LGppMQHBNlf1fZIR8U7saJ9Ug5JJkA4onV31two root@ubuntu-xenial
[   46.966707] cloud-init[943]: The key's randomart image is:
[   46.966930] cloud-init[943]: +--[ED25519 256]--+
[   46.967140] cloud-init[943]: |   .o.+.o+=o  +o |
[   46.967637] cloud-init[943]: |   .=+.o ...+..= |
[   46.967859] cloud-init[943]: |   ..+  o  +.o+o*|
[   46.968071] cloud-init[943]: |      .  .  . .B+|

[   46.968426] cloud-init[943]: |       .S  E  ooo|
[   47.157614] cloud-init[943]: |      oo o  ..o..|
[[0;32m  OK  [0m] Listening on Socket activation for snappy daemon.
[   47.161149] cloud-init[943]: |       +. o  . ..|
[   47.242569] cloud-init[943]: |      + .o .     |
[   47.262086] cloud-init[943]: |     o.. .o      |
[   47.280919] cloud-init[943]: +----[SHA256]-----+
[[0;32m  OK  [0m] Reached target Sockets.
[[0;32m  OK  [0m] Reached target Basic System.
         Starting LSB: MD monitoring daemon...
         Starting /etc/rc.local Compatibility...
         Starting System Logging Service...
         Starting Virtualbox guest utils...
[[0;32m  OK  [0m] Started ACPI event daemon.
         Starting Pollinate to seed the pseudo random number generator...
[[0;32m  OK  [0m] Started Deferred execution scheduler.
         Starting LXD - container startup/shutdown...
         Starting Snappy daemon...
         Starting Login Service...
         Starting LSB: Record successful boot for GRUB...
         Starting Accounts Service...
[[0;32m  OK  [0m] Started FUSE filesystem for LXC.
[[0;32m  OK  [0m] Started D-Bus System Message Bus.
[[0;32m  OK  [0m] Started Regular background program processing daemon.
[[0;32m  OK  [0m] Started System Logging Service.
[[0;32m  OK  [0m] Started iSCSI initiator daemon (iscsid).
[[0;32m  OK  [0m] Started /etc/rc.local Compatibility.
[[0;32m  OK  [0m] Started Login Service.
[[0;32m  OK  [0m] Started Unattended Upgrades Shutdown.
         Starting Authenticate and Authorize Users to Run Privileged Tasks...
         Starting Login to default iSCSI targets...
[[0;32m  OK  [0m] Started LSB: Record successful boot for GRUB.
[[0;32m  OK  [0m] Started LSB: MD monitoring daemon.
[[0;32m  OK  [0m] Started Login to default iSCSI targets.
[[0;32m  OK  [0m] Reached target Remote File Systems (Pre).
[[0;32m  OK  [0m] Reached target Remote File Systems.
         Starting LSB: Set the CPU Frequency Scaling governor to "ondemand"...
         Starting Permit User Sessions...
         Starting LSB: automatic crash report generation...
         Starting LSB: daemon to balance interrupts for SMP systems...
[[0;32m  OK  [0m] Started Permit User Sessions.
         Starting Terminate Plymouth Boot Screen...
         Starting Hold until boot process finishes up...
[[0;32m  OK  [0m] Started Hold until boot process finishes up.
[[0;32m  OK  [0m] Started Terminate Plymouth Boot Screen.
[[0;32m  OK  [0m] Started Getty on tty1.
[[0;32m  OK  [0m] Started Serial Getty on ttyS0.
[[0;32m  OK  [0m] Reached target Login Prompts.
         Starting Set console scheme...
[[0;32m  OK  [0m] Started Authenticate and Authorize Users to Run Privileged Tasks.
[[0;32m  OK  [0m] Started Accounts Service.
[[0;32m  OK  [0m] Started LXD - container startup/shutdown.
[[0;32m  OK  [0m] Started Set console scheme.
[[0;32m  OK  [0m] Started LSB: Set the CPU Frequency Scaling governor to "ondemand".
[[0;32m  OK  [0m] Started LSB: daemon to balance interrupts for SMP systems.
[[0;32m  OK  [0m] Started LSB: automatic crash report generation.
[[0;32m  OK  [0m] Started Snappy daemon.
         Starting Wait until snapd is fully seeded...
[[0;32m  OK  [0m] Started Virtualbox guest utils.
[[0;32m  OK  [0m] Started Pollinate to seed the pseudo random number generator.
         Starting OpenBSD Secure Shell server...
[[0;32m  OK  [0m] Started OpenBSD Secure Shell server.
[[0;32m  OK  [0m] Created slice User Slice of vagrant.
         Starting User Manager for UID 1000...
[[0;32m  OK  [0m] Started Session 1 of user vagrant.
[[0;32m  OK  [0m] Started User Manager for UID 1000.

Ubuntu 16.04.6 LTS ubuntu-xenial ttyS0

ubuntu-xenial login: [   65.533492] cloud-init[1381]: Generating locales (this might take a while)...
[   73.342835] cloud-init[1381]:   en_US.UTF-8... done
[   73.349277] cloud-init[1381]: Generation complete.
[   77.488551] cloud-init[1381]: Cloud-init v. 19.1-1-gbaa47854-0ubuntu1~16.04.1 running 'modules:config' at Fri, 23 Aug 2019 16:32:40 +0000. Up 64.01 seconds.
ci-info: no authorized ssh keys fingerprints found for user ubuntu.
<14>Aug 23 16:32:57 ec2: 
<14>Aug 23 16:32:57 ec2: #############################################################
<14>Aug 23 16:32:57 ec2: -----BEGIN SSH HOST KEY FINGERPRINTS-----
<14>Aug 23 16:32:57 ec2: 1024 SHA256:nhF7j1AkF2b+ZYCU2sfxQbOKO0Krfr/Pfg88gZLjRGs root@ubuntu-xenial (DSA)
<14>Aug 23 16:32:57 ec2: 256 SHA256:zBYuXt+aZrccWWkhr0bUNRDWZYbPgfYvtMP4fqmL0Vs root@ubuntu-xenial (ECDSA)
<14>Aug 23 16:32:57 ec2: 256 SHA256:Ztu2LGppMQHBNlf1fZIR8U7saJ9Ug5JJkA4onV31two root@ubuntu-xenial (ED25519)
<14>Aug 23 16:32:57 ec2: 2048 SHA256:8zaBWyZAonKCJB2ULeNhX/7YDgYokeZT6FcR+sAapLw root@ubuntu-xenial (RSA)
<14>Aug 23 16:32:57 ec2: -----END SSH HOST KEY FINGERPRINTS-----
<14>Aug 23 16:32:57 ec2: #############################################################
-----BEGIN SSH HOST KEY KEYS-----
ecdsa-sha2-nistp256 AAAAE2VjZHNhLXNoYTItbmlzdHAyNTYAAAAIbmlzdHAyNTYAAABBBD1GO9m8e8/dHVnMHXpPpdBTeCyhFZIHQ6xMpL5mQIYo8ecbeKa2p+nspdQO7SY/2VYC5Y7pm4Km7HXfK46nOpY= root@ubuntu-xenial
ssh-ed25519 AAAAC3NzaC1lZDI1NTE5AAAAIHS0zZ7Syb0hLl3FeAMuSxtElOGYvS8LiuxPl3nJrQNN root@ubuntu-xenial
ssh-rsa AAAAB3NzaC1yc2EAAAADAQABAAABAQCqjU94wXfnRr1STVxQFokU3vE6T9CYh475zmvgxRK4/umAp6u7Bsy+mbyf4IFN+k7UkzCW2BXJCKQgPQnhlJ76H8FqtOdJ+Gib5XmnoCAFcz5rmphe0wdwE+mWoznli8WDZ35FdISvANivw5G8ds1JV4qeIrcdzkarTFyuqwHDsxS8bCV6DFSI1M3KhNGG1YRcddfL1wze98Vvsgv/zyevJnRtNOsXFyyeD0J8IU4h3Z5X3iixHwpAr9NuOtT0gbX7betJt72L3Xu9UAoEjzuR/VxAaGYn/WX3ydtymoDXQHqpmv62hzNBE2bnLtIXLcFNRFUsoFPYgv9u3AkgtFyR root@ubuntu-xenial
-----END SSH HOST KEY KEYS-----
[   81.506152] cloud-init[1579]: Cloud-init v. 19.1-1-gbaa47854-0ubuntu1~16.04.1 running 'modules:final' at Fri, 23 Aug 2019 16:32:56 +0000. Up 79.82 seconds.
[   81.507339] cloud-init[1579]: ci-info: no authorized ssh keys fingerprints found for user ubuntu.
[   81.507892] cloud-init[1579]: Cloud-init v. 19.1-1-gbaa47854-0ubuntu1~16.04.1 finished at Fri, 23 Aug 2019 16:32:57 +0000. Datasource DataSourceNoCloud [seed=/dev/sdb][dsmode=net].  Up 81.38 seconds
